
> mediaops-composability@0.1.0 test
> node run-tests.mjs

TAP version 13
# Subtest: getRateLimitStatusHandler
    # Subtest: should return default limit when env not set
    ok 1 - should return default limit when env not set
      ---
      duration_ms: 3.3177
      type: 'test'
      ...
    # Subtest: should return configured limit from env
    ok 2 - should return configured limit from env
      ---
      duration_ms: 0.4245
      type: 'test'
      ...
    # Subtest: should throw if secret is invalid
    ok 3 - should throw if secret is invalid
      ---
      duration_ms: 2.3339
      type: 'test'
      ...
    1..3
ok 1 - getRateLimitStatusHandler
  ---
  duration_ms: 8.068
  type: 'suite'
  ...
# Subtest: EnvSecretStore
    # Subtest: should resolve valid env secret
    ok 1 - should resolve valid env secret
      ---
      duration_ms: 1.3867
      type: 'test'
      ...
    # Subtest: should reject vault:// with specific error
    ok 2 - should reject vault:// with specific error
      ---
      duration_ms: 1.3884
      type: 'test'
      ...
    # Subtest: should reject missing env variables
    ok 3 - should reject missing env variables
      ---
      duration_ms: 0.5431
      type: 'test'
      ...
    # Subtest: should reject unknown format
    ok 4 - should reject unknown format
      ---
      duration_ms: 0.4446
      type: 'test'
      ...
    1..4
ok 2 - EnvSecretStore
  ---
  duration_ms: 7.159
  type: 'suite'
  ...
# Subtest: validatePostHandler
    # Subtest: should pass valid post
    ok 1 - should pass valid post
      ---
      duration_ms: 4.0838
      type: 'test'
      ...
    # Subtest: should fail when body text is too long
    ok 2 - should fail when body text is too long
      ---
      duration_ms: 0.3516
      type: 'test'
      ...
    # Subtest: should issue warning when too many hashtags
    not ok 3 - should issue warning when too many hashtags
      ---
      duration_ms: 1.8671
      type: 'test'
      location: 'D:\\Muti-Media Management\\apps\\facebook-mcp-server\\dist\\__tests__\\validatePost.test.js:45:5'
      failureType: 'testCodeFailure'
      error: |-
        Expected values to be strictly equal:
        + actual - expected
        
        + 'HASHTAG_COUNT_HIGH'
        - 'PLATFORM_TOO_MANY_HASHTAGS'
        
      code: 'ERR_ASSERTION'
      name: 'AssertionError'
      expected: 'PLATFORM_TOO_MANY_HASHTAGS'
      actual: 'HASHTAG_COUNT_HIGH'
      operator: 'strictEqual'
      stack: |-
        TestContext.<anonymous> (file:///D:/Muti-Media%20Management/apps/facebook-mcp-server/dist/__tests__/validatePost.test.js:58:16)
        async Test.run (node:internal/test_runner/test:1054:7)
        async Suite.processPendingSubtests (node:internal/test_runner/test:744:7)
      ...
    # Subtest: should fail when credentials cannot be resolved
    not ok 4 - should fail when credentials cannot be resolved
      ---
      duration_ms: 1.7656
      type: 'test'
      location: 'D:\\Muti-Media Management\\apps\\facebook-mcp-server\\dist\\__tests__\\validatePost.test.js:60:5'
      failureType: 'testCodeFailure'
      error: |-
        Expected values to be strictly equal:
        + actual - expected
        
        + 'PLATFORM_TOKEN_INVALID'
        - 'INVALID_CREDENTIALS'
        
      code: 'ERR_ASSERTION'
      name: 'AssertionError'
      expected: 'INVALID_CREDENTIALS'
      actual: 'PLATFORM_TOKEN_INVALID'
      operator: 'strictEqual'
      stack: |-
        TestContext.<anonymous> (file:///D:/Muti-Media%20Management/apps/facebook-mcp-server/dist/__tests__/validatePost.test.js:73:16)
        async Test.run (node:internal/test_runner/test:1054:7)
        async Suite.processPendingSubtests (node:internal/test_runner/test:744:7)
      ...
    1..4
not ok 3 - validatePostHandler
  ---
  duration_ms: 11.1133
  type: 'suite'
  location: 'D:\\Muti-Media Management\\apps\\facebook-mcp-server\\dist\\__tests__\\validatePost.test.js:12:1'
  failureType: 'subtestsFailed'
  error: '2 subtests failed'
  code: 'ERR_TEST_FAILURE'
  ...
# Subtest: AI Composer RabbitMQ consumer
    # Subtest: ACKs only after worker processing completes
    ok 1 - ACKs only after worker processing completes
      ---
      duration_ms: 7.8618
      type: 'test'
      ...
    # Subtest: routes invalid schema messages to DLQ and ACKs original only after confirm
    ok 2 - routes invalid schema messages to DLQ and ACKs original only after confirm
      ---
      duration_ms: 4.3994
      type: 'test'
      ...
    # Subtest: NACKs with requeue when worker returns retryable infrastructure failure
    ok 3 - NACKs with requeue when worker returns retryable infrastructure failure
      ---
      duration_ms: 1.897
      type: 'test'
      ...
    1..3
ok 4 - AI Composer RabbitMQ consumer
  ---
  duration_ms: 16.1394
  type: 'suite'
  ...
# {"level":"error","message":"LLM Provider call failed","metadata":{"error":"LlmRateLimitError: Gemini API rate limit hit (Mock)"},"timestamp":"2026-06-01T08:52:54.691Z"}
# {"level":"error","message":"Airtable variant sync failed. Setting sync_retry_needed = true in Ledger.","metadata":{"airtableRecordId":"recPost123","error":"Error: Airtable optimistic guard failed: status is Scheduled"},"timestamp":"2026-06-01T08:52:54.716Z"}
# {"level":"error","message":"LLM Provider call failed","metadata":{"error":"Error: provider failed [REDACTED] [REDACTED]"},"timestamp":"2026-06-01T08:52:54.720Z"}
# Subtest: AiComposerWorker Integration Scenarios
    # Subtest: SC-01 Happy Path: claims workflow, reloads Airtable, calls LLM, persists variant & outbox, and syncs Airtable
    ok 1 - SC-01 Happy Path: claims workflow, reloads Airtable, calls LLM, persists variant & outbox, and syncs Airtable
      ---
      duration_ms: 19.131
      type: 'test'
      ...
    # Subtest: SC-02 Duplicate Redelivery: fast-pass reuse of existing completed generation run
    ok 2 - SC-02 Duplicate Redelivery: fast-pass reuse of existing completed generation run
      ---
      duration_ms: 0.6272
      type: 'test'
      ...
    # Subtest: SC-03 Rate Limit Retry: marks run as retryable_failed on provider rate limit
    ok 3 - SC-03 Rate Limit Retry: marks run as retryable_failed on provider rate limit
      ---
      duration_ms: 16.8301
      type: 'test'
      ...
    # Subtest: SC-04 Intent Drift: rejects mismatching CTA hostname
    ok 4 - SC-04 Intent Drift: rejects mismatching CTA hostname
      ---
      duration_ms: 3.1997
      type: 'test'
      ...
    # Subtest: SC-05 Prompt Injection: locks down on dangerous keys
    ok 5 - SC-05 Prompt Injection: locks down on dangerous keys
      ---
      duration_ms: 6.3795
      type: 'test'
      ...
    # Subtest: SC-06 Airtable optimistic guard: keeps Ledger committed and marks sync retry when status changed before sync
    ok 6 - SC-06 Airtable optimistic guard: keeps Ledger committed and marks sync retry when status changed before sync
      ---
      duration_ms: 6.3843
      type: 'test'
      ...
    # Subtest: SC-07 Malformed JSON: does not create an active content variant
    ok 7 - SC-07 Malformed JSON: does not create an active content variant
      ---
      duration_ms: 1.6582
      type: 'test'
      ...
    # Subtest: SC-08 LLM provider errors are redacted before Ledger persistence
    ok 8 - SC-08 LLM provider errors are redacted before Ledger persistence
      ---
      duration_ms: 1.8493
      type: 'test'
      ...
    1..8
ok 5 - AiComposerWorker Integration Scenarios
  ---
  duration_ms: 65.8958
  type: 'suite'
  ...
# Subtest: AirtableClient
    # Subtest: happy path: returns parsed reloaded record on HTTP 200
    ok 1 - happy path: returns parsed reloaded record on HTTP 200
      ---
      duration_ms: 12.1182
      type: 'test'
      ...
    # Subtest: handles HTTP 404: throws AirtableRecordNotFoundError
    ok 2 - handles HTTP 404: throws AirtableRecordNotFoundError
      ---
      duration_ms: 3.8351
      type: 'test'
      ...
    # Subtest: handles HTTP 429: throws AirtableRateLimitError
    ok 3 - handles HTTP 429: throws AirtableRateLimitError
      ---
      duration_ms: 2.0185
      type: 'test'
      ...
    # Subtest: handles HTTP 502/503: throws AirtableServiceError
    ok 4 - handles HTTP 502/503: throws AirtableServiceError
      ---
      duration_ms: 1.3766
      type: 'test'
      ...
    # Subtest: handles timeout AbortError: throws AirtableNetworkError
    ok 5 - handles timeout AbortError: throws AirtableNetworkError
      ---
      duration_ms: 1.2137
      type: 'test'
      ...
    1..5
ok 6 - AirtableClient
  ---
  duration_ms: 26.1456
  type: 'suite'
  ...
# {"level":"warn","message":"Channel account missing: target includes Facebook but no connected accounts","metadata":{"workspace_id":"ws_test_123"},"timestamp":"2026-06-01T08:52:54.702Z"}
# {"level":"error","message":"Channel account unresolved: no server-side mapping found","metadata":{"workspace_id":"ws_test_123","airtable_record_id":"recAcc123"},"timestamp":"2026-06-01T08:52:54.707Z"}
# {"level":"warn","message":"Channel account unresolved, routing to DLQ","metadata":{"event_id":"evt_approved_001"},"timestamp":"2026-06-01T08:52:54.708Z"}
# {"level":"warn","message":"Airtable transient error, marking retryable","metadata":{"event_id":"evt_approved_001","error_name":"AirtableRateLimitError"},"timestamp":"2026-06-01T08:52:54.710Z"}
# {"level":"warn","message":"Airtable record not found, marking failed","metadata":{"event_id":"evt_approved_001","record_ref":"recPost123"},"timestamp":"2026-06-01T08:52:54.715Z"}
# Subtest: ApprovedPostWorker
    # Subtest: TS-01 Happy Path: processes valid Approved post, creates workflow stub
    ok 1 - TS-01 Happy Path: processes valid Approved post, creates workflow stub
      ---
      duration_ms: 11.0708
      type: 'test'
      ...
    # Subtest: TS-02 Fast-Pass: event already finalized returns immediate ACK
    ok 2 - TS-02 Fast-Pass: event already finalized returns immediate ACK
      ---
      duration_ms: 0.765
      type: 'test'
      ...
    # Subtest: TS-05 Stale Status: reloaded status is Draft, ignores and ACKs
    ok 3 - TS-05 Stale Status: reloaded status is Draft, ignores and ACKs
      ---
      duration_ms: 1.8368
      type: 'test'
      ...
    # Subtest: TS-06 Advanced Status: reloaded status is Scheduled, ignores and ACKs
    ok 4 - TS-06 Advanced Status: reloaded status is Scheduled, ignores and ACKs
      ---
      duration_ms: 3.874
      type: 'test'
      ...
    # Subtest: TS-07 Invalid reload logic formula: ignores and ACKs
    ok 5 - TS-07 Invalid reload logic formula: ignores and ACKs
      ---
      duration_ms: 3.2451
      type: 'test'
      ...
    # Subtest: TS-08 Missing channel accounts: ignores and ACKs
    ok 6 - TS-08 Missing channel accounts: ignores and ACKs
      ---
      duration_ms: 5.6854
      type: 'test'
      ...
    # Subtest: TS-10 Unresolved channel account: routes to DLQ and returns nack_dlq
    ok 7 - TS-10 Unresolved channel account: routes to DLQ and returns nack_dlq
      ---
      duration_ms: 2.7061
      type: 'test'
      ...
    # Subtest: TS-11 Transient Airtable Error: returns nack_requeue
    ok 8 - TS-11 Transient Airtable Error: returns nack_requeue
      ---
      duration_ms: 1.5432
      type: 'test'
      ...
    # Subtest: TS-11 Terminal Airtable RecordNotFound Error: returns nack_dlq
    ok 9 - TS-11 Terminal Airtable RecordNotFound Error: returns nack_dlq
      ---
      duration_ms: 6.7404
      type: 'test'
      ...
    # Subtest: TS-14 Race Condition: detects duplicate allocation and ignores successfully
    ok 10 - TS-14 Race Condition: detects duplicate allocation and ignores successfully
      ---
      duration_ms: 3.2226
      type: 'test'
      ...
    1..10
ok 7 - ApprovedPostWorker
  ---
  duration_ms: 48.4214
  type: 'suite'
  ...
# {"level":"warn","message":"Channel account missing: target includes Facebook but no connected accounts","metadata":{"workspace_id":"ws_test_123"},"timestamp":"2026-06-01T08:52:54.609Z"}
# {"level":"warn","message":"Channel account inactive in Airtable","metadata":{"workspace_id":"ws_test_123","stub_status":"Expired"},"timestamp":"2026-06-01T08:52:54.613Z"}
# {"level":"error","message":"Channel account unresolved: no server-side mapping found","metadata":{"workspace_id":"ws_test_123","airtable_record_id":"recAcc123"},"timestamp":"2026-06-01T08:52:54.614Z"}
# {"level":"warn","message":"Channel account inactive server-side","metadata":{"workspace_id":"ws_test_123","db_status":"inactive","token_status":"[REDACTED]"},"timestamp":"2026-06-01T08:52:54.615Z"}
# {"level":"warn","message":"Channel account inactive server-side","metadata":{"workspace_id":"ws_test_123","db_status":"active","token_status":"[REDACTED]"},"timestamp":"2026-06-01T08:52:54.616Z"}
# Subtest: ChannelAccountResolver
    # Subtest: returns success with empty accounts if Facebook is not in target channels
    ok 1 - returns success with empty accounts if Facebook is not in target channels
      ---
      duration_ms: 4.1332
      type: 'test'
      ...
    # Subtest: Case A: returns channel_account_missing if target includes Facebook but connected account record IDs are empty
    ok 2 - Case A: returns channel_account_missing if target includes Facebook but connected account record IDs are empty
      ---
      duration_ms: 5.5539
      type: 'test'
      ...
    # Subtest: Case A: returns channel_account_missing if no Facebook stubs exist in list
    ok 3 - Case A: returns channel_account_missing if no Facebook stubs exist in list
      ---
      duration_ms: 0.3344
      type: 'test'
      ...
    # Subtest: Case B: returns channel_account_inactive if stub status is not Connected
    ok 4 - Case B: returns channel_account_inactive if stub status is not Connected
      ---
      duration_ms: 1.043
      type: 'test'
      ...
    # Subtest: Case C: returns channel_account_unresolved if database query returns no rows
    ok 5 - Case C: returns channel_account_unresolved if database query returns no rows
      ---
      duration_ms: 0.6748
      type: 'test'
      ...
    # Subtest: Case D: returns channel_account_inactive if DB status is inactive
    ok 6 - Case D: returns channel_account_inactive if DB status is inactive
      ---
      duration_ms: 1.6687
      type: 'test'
      ...
    # Subtest: Case D: returns channel_account_inactive if DB token status is not valid
    ok 7 - Case D: returns channel_account_inactive if DB token status is not valid
      ---
      duration_ms: 0.8909
      type: 'test'
      ...
    # Subtest: Case E: returns success and resolved accounts for valid active DB account
    ok 8 - Case E: returns success and resolved accounts for valid active DB account
      ---
      duration_ms: 0.7521
      type: 'test'
      ...
    1..8
ok 8 - ChannelAccountResolver
  ---
  duration_ms: 18.9172
  type: 'suite'
  ...
# Subtest: GeminiLlmAdapter Tests
    # Subtest: handles mock happy path successfully
    ok 1 - handles mock happy path successfully
      ---
      duration_ms: 2.2955
      type: 'test'
      ...
    # Subtest: handles mock drift path successfully
    ok 2 - handles mock drift path successfully
      ---
      duration_ms: 0.3427
      type: 'test'
      ...
    # Subtest: handles mock injection path successfully
    ok 3 - handles mock injection path successfully
      ---
      duration_ms: 0.2588
      type: 'test'
      ...
    # Subtest: throws LlmTimeoutError on timeout scenario
    ok 4 - throws LlmTimeoutError on timeout scenario
      ---
      duration_ms: 1.1564
      type: 'test'
      ...
    # Subtest: throws LlmRateLimitError on rate limit scenario
    ok 5 - throws LlmRateLimitError on rate limit scenario
      ---
      duration_ms: 0.6045
      type: 'test'
      ...
    1..5
ok 9 - GeminiLlmAdapter Tests
  ---
  duration_ms: 7.783
  type: 'suite'
  ...
# Subtest: NotionClient SSRF Guardrails
    # Subtest: blocks non-HTTPS protocols
    ok 1 - blocks non-HTTPS protocols
      ---
      duration_ms: 3.8674
      type: 'test'
      ...
    # Subtest: blocks hosts not in the allowlist
    ok 2 - blocks hosts not in the allowlist
      ---
      duration_ms: 0.3808
      type: 'test'
      ...
    # Subtest: blocks URLs with user information
    ok 3 - blocks URLs with user information
      ---
      duration_ms: 0.2448
      type: 'test'
      ...
    # Subtest: blocks non-standard ports
    ok 4 - blocks non-standard ports
      ---
      duration_ms: 0.3699
      type: 'test'
      ...
    # Subtest: resolves and loads mock brief correctly
    ok 5 - resolves and loads mock brief correctly
      ---
      duration_ms: 114.4772
      type: 'test'
      ...
    1..5
ok 10 - NotionClient SSRF Guardrails
  ---
  duration_ms: 120.9524
  type: 'suite'
  ...
# Subtest: Policy RabbitMQ consumer
    # Subtest: ACKs only after worker processing completes
    ok 1 - ACKs only after worker processing completes
      ---
      duration_ms: 9.2066
      type: 'test'
      ...
    # Subtest: routes invalid schema messages to DLQ and ACKs original after confirm
    ok 2 - routes invalid schema messages to DLQ and ACKs original after confirm
      ---
      duration_ms: 2.9624
      type: 'test'
      ...
    # Subtest: NACKs with requeue when worker returns retryable persistence failure
    ok 3 - NACKs with requeue when worker returns retryable persistence failure
      ---
      duration_ms: 1.2847
      type: 'test'
      ...
    1..3
ok 11 - Policy RabbitMQ consumer
  ---
  duration_ms: 15.9297
  type: 'suite'
  ...
# Subtest: PolicyWorker
    # Subtest: happy path creates publish handoff only after durable transaction
    ok 1 - happy path creates publish handoff only after durable transaction
      ---
      duration_ms: 8.5604
      type: 'test'
      ...
    # Subtest: block path persists result then updates Airtable and publishes Slack alert
    ok 2 - block path persists result then updates Airtable and publishes Slack alert
      ---
      duration_ms: 6.4314
      type: 'test'
      ...
    # Subtest: duplicate event ACKs without side effects
    ok 3 - duplicate event ACKs without side effects
      ---
      duration_ms: 2.0036
      type: 'test'
      ...
    # Subtest: DB failure before commit returns NACK requeue
    ok 4 - DB failure before commit returns NACK requeue
      ---
      duration_ms: 1.8605
      type: 'test'
      ...
    # Subtest: Airtable failure after Ledger commit marks compensation and still ACKs
    ok 5 - Airtable failure after Ledger commit marks compensation and still ACKs
      ---
      duration_ms: 2.7054
      type: 'test'
      ...
    1..5
ok 12 - PolicyWorker
  ---
  duration_ms: 23.8002
  type: 'suite'
  ...
# Subtest: redact ΓÇö Bearer token
    # Subtest: redacts Bearer token from a plain string
    ok 1 - redacts Bearer token from a plain string
      ---
      duration_ms: 3.6987
      type: 'test'
      ...
    # Subtest: redacts Bearer token embedded in JSON-like string
    ok 2 - redacts Bearer token embedded in JSON-like string
      ---
      duration_ms: 1.9371
      type: 'test'
      ...
    1..2
ok 13 - redact ΓÇö Bearer token
  ---
  duration_ms: 8.6333
  type: 'suite'
  ...
# Subtest: redact ΓÇö key=value patterns in strings
    # Subtest: redacts api_key value in string
    ok 1 - redacts api_key value in string
      ---
      duration_ms: 1.5723
      type: 'test'
      ...
    # Subtest: redacts provider key query parameter in URLs
    ok 2 - redacts provider key query parameter in URLs
      ---
      duration_ms: 0.7621
      type: 'test'
      ...
    # Subtest: redacts access_token value in string
    ok 3 - redacts access_token value in string
      ---
      duration_ms: 1.3414
      type: 'test'
      ...
    # Subtest: redacts secret value in string
    ok 4 - redacts secret value in string
      ---
      duration_ms: 0.6231
      type: 'test'
      ...
    # Subtest: redacts password value in string
    ok 5 - redacts password value in string
      ---
      duration_ms: 0.9358
      type: 'test'
      ...
    1..5
ok 14 - redact ΓÇö key=value patterns in strings
  ---
  duration_ms: 6.6322
  type: 'suite'
  ...
# Subtest: redact ΓÇö object key redaction
    # Subtest: redacts token key in object
    ok 1 - redacts token key in object
      ---
      duration_ms: 0.7723
      type: 'test'
      ...
    # Subtest: redacts secret key in object
    ok 2 - redacts secret key in object
      ---
      duration_ms: 0.6816
      type: 'test'
      ...
    # Subtest: redacts api_key key in object
    ok 3 - redacts api_key key in object
      ---
      duration_ms: 1.7709
      type: 'test'
      ...
    # Subtest: redacts access_token key in object
    ok 4 - redacts access_token key in object
      ---
      duration_ms: 0.449
      type: 'test'
      ...
    # Subtest: redacts password key in object
    ok 5 - redacts password key in object
      ---
      duration_ms: 0.2609
      type: 'test'
      ...
    1..5
ok 15 - redact ΓÇö object key redaction
  ---
  duration_ms: 5.3172
  type: 'suite'
  ...
# Subtest: redact ΓÇö nested object redaction
    # Subtest: redacts token in nested object
    ok 1 - redacts token in nested object
      ---
      duration_ms: 1.5917
      type: 'test'
      ...
    # Subtest: redacts token in deeply nested object
    ok 2 - redacts token in deeply nested object
      ---
      duration_ms: 0.2851
      type: 'test'
      ...
    # Subtest: does not redact safe metadata object that has no sensitive keys
    ok 3 - does not redact safe metadata object that has no sensitive keys
      ---
      duration_ms: 0.2951
      type: 'test'
      ...
    1..3
ok 16 - redact ΓÇö nested object redaction
  ---
  duration_ms: 2.3834
  type: 'suite'
  ...
# Subtest: redact ΓÇö array handling
    # Subtest: redacts sensitive items in an array of objects
    ok 1 - redacts sensitive items in an array of objects
      ---
      duration_ms: 0.3497
      type: 'test'
      ...
    # Subtest: redacts Bearer token in array of strings
    ok 2 - redacts Bearer token in array of strings
      ---
      duration_ms: 0.1872
      type: 'test'
      ...
    1..2
ok 17 - redact ΓÇö array handling
  ---
  duration_ms: 0.6973
  type: 'suite'
  ...
# Subtest: redact ΓÇö edge cases
    # Subtest: returns null as-is
    ok 1 - returns null as-is
      ---
      duration_ms: 0.2512
      type: 'test'
      ...
    # Subtest: returns undefined as-is
    ok 2 - returns undefined as-is
      ---
      duration_ms: 0.1635
      type: 'test'
      ...
    # Subtest: returns number as-is
    ok 3 - returns number as-is
      ---
      duration_ms: 0.1311
      type: 'test'
      ...
    # Subtest: returns boolean as-is
    ok 4 - returns boolean as-is
      ---
      duration_ms: 0.1278
      type: 'test'
      ...
    # Subtest: returns empty string as-is
    ok 5 - returns empty string as-is
      ---
      duration_ms: 0.1307
      type: 'test'
      ...
    # Subtest: returns empty object as-is
    ok 6 - returns empty object as-is
      ---
      duration_ms: 1.8273
      type: 'test'
      ...
    1..6
ok 18 - redact ΓÇö edge cases
  ---
  duration_ms: 2.9678
  type: 'suite'
  ...
# Subtest: US-003 production security gate
    # Subtest: migration enables RLS and uses USING plus WITH CHECK on every US-003 table
    ok 1 - migration enables RLS and uses USING plus WITH CHECK on every US-003 table
      ---
      duration_ms: 5.7003
      type: 'test'
      ...
    # Subtest: rejects service-role or RLS-bypass database credentials for worker runtime
    ok 2 - rejects service-role or RLS-bypass database credentials for worker runtime
      ---
      duration_ms: 2.223
      type: 'test'
      ...
    # Subtest: redacts provider credentials from serialized provider errors
    ok 3 - redacts provider credentials from serialized provider errors
      ---
      duration_ms: 41.8144
      type: 'test'
      ...
    # Subtest: blocks private, loopback, link-local, metadata, and IPv6 local resolved Notion IPs
    ok 4 - blocks private, loopback, link-local, metadata, and IPv6 local resolved Notion IPs
      ---
      duration_ms: 2.1876
      type: 'test'
      ...
    # Subtest: blocks shortened/custom Notion-like domains and sends Notion fetches with redirects disabled
    ok 5 - blocks shortened/custom Notion-like domains and sends Notion fetches with redirects disabled
      ---
      duration_ms: 8.5364
      type: 'test'
      ...
    1..5
ok 19 - US-003 production security gate
  ---
  duration_ms: 63.3606
  type: 'suite'
  ...
# Subtest: US-004 production security gate
    # Subtest: migration enables RLS and uses USING plus WITH CHECK on every US-004 table
    ok 1 - migration enables RLS and uses USING plus WITH CHECK on every US-004 table
      ---
      duration_ms: 2.0475
      type: 'test'
      ...
    # Subtest: policy engine package does not contain platform API or MCP publish calls
    ok 2 - policy engine package does not contain platform API or MCP publish calls
      ---
      duration_ms: 2.0798
      type: 'test'
      ...
    1..2
ok 20 - US-004 production security gate
  ---
  duration_ms: 4.8558
  type: 'suite'
  ...
# Subtest: structuredValidator ΓÇö extractJsonBlock
    # Subtest: extracts JSON block successfully from surrounding text
    ok 1 - extracts JSON block successfully from surrounding text
      ---
      duration_ms: 5.7277
      type: 'test'
      ...
    # Subtest: throws ValidationError when no JSON block is found
    ok 2 - throws ValidationError when no JSON block is found
      ---
      duration_ms: 0.7507
      type: 'test'
      ...
    1..2
ok 21 - structuredValidator ΓÇö extractJsonBlock
  ---
  duration_ms: 8.0848
  type: 'suite'
  ...
# Subtest: structuredValidator ΓÇö normalizeHashtags
    # Subtest: normalizes, lowercases, prefixes with \#, deduplicates and caps hashtags at 10
    ok 1 - normalizes, lowercases, prefixes with \#, deduplicates and caps hashtags at 10
      ---
      duration_ms: 0.4799
      type: 'test'
      ...
    # Subtest: throws ValidationError for non-array hashtags
    ok 2 - throws ValidationError for non-array hashtags
      ---
      duration_ms: 0.3115
      type: 'test'
      ...
    1..2
ok 22 - structuredValidator ΓÇö normalizeHashtags
  ---
  duration_ms: 1.11
  type: 'suite'
  ...
# Subtest: structuredValidator ΓÇö verifyCtaAndUtm
    # Subtest: succeeds if output CTA matches source CTA exactly
    ok 1 - succeeds if output CTA matches source CTA exactly
      ---
      duration_ms: 1.959
      type: 'test'
      ...
    # Subtest: succeeds if output CTA matches source but has safe extra query params or rearranged params
    ok 2 - succeeds if output CTA matches source but has safe extra query params or rearranged params
      ---
      duration_ms: 0.5739
      type: 'test'
      ...
    # Subtest: throws CTA_UTM_MUTATED if any UTM parameter is changed or missing
    ok 3 - throws CTA_UTM_MUTATED if any UTM parameter is changed or missing
      ---
      duration_ms: 0.4172
      type: 'test'
      ...
    # Subtest: throws INTENT_DRIFT if the host or path differs
    ok 4 - throws INTENT_DRIFT if the host or path differs
      ---
      duration_ms: 0.4523
      type: 'test'
      ...
    # Subtest: throws CTA_URL_MISSING if source has CTA but output lacks it
    ok 5 - throws CTA_URL_MISSING if source has CTA but output lacks it
      ---
      duration_ms: 0.3898
      type: 'test'
      ...
    # Subtest: throws CTA_URL_INVALID if output CTA is malformed
    ok 6 - throws CTA_URL_INVALID if output CTA is malformed
      ---
      duration_ms: 0.6678
      type: 'test'
      ...
    1..6
ok 23 - structuredValidator ΓÇö verifyCtaAndUtm
  ---
  duration_ms: 5.0305
  type: 'suite'
  ...
# Subtest: structuredValidator ΓÇö detectPromptInjection
    # Subtest: throws PROMPT_INJECTION_DETECTED if injection keys are present
    ok 1 - throws PROMPT_INJECTION_DETECTED if injection keys are present
      ---
      duration_ms: 0.4487
      type: 'test'
      ...
    # Subtest: does not throw for clean objects
    ok 2 - does not throw for clean objects
      ---
      duration_ms: 0.4357
      type: 'test'
      ...
    1..2
ok 24 - structuredValidator ΓÇö detectPromptInjection
  ---
  duration_ms: 1.2555
  type: 'suite'
  ...
# Subtest: policy-engine rules
    # Subtest: exports a stable policy version
    ok 1 - exports a stable policy version
      ---
      duration_ms: 2.2789
      type: 'test'
      ...
    # Subtest: blocks missing approval state
    ok 2 - blocks missing approval state
      ---
      duration_ms: 2.836
      type: 'test'
      ...
    # Subtest: blocks inactive channel and invalid token
    ok 3 - blocks inactive channel and invalid token
      ---
      duration_ms: 1.5349
      type: 'test'
      ...
    # Subtest: enforces Facebook text limit
    ok 4 - enforces Facebook text limit
      ---
      duration_ms: 0.5655
      type: 'test'
      ...
    # Subtest: detects forbidden terms in body and hashtags case-insensitively without exposing raw term
    ok 5 - detects forbidden terms in body and hashtags case-insensitively without exposing raw term
      ---
      duration_ms: 0.74
      type: 'test'
      ...
    # Subtest: handles CTA and UTM warning mode
    ok 6 - handles CTA and UTM warning mode
      ---
      duration_ms: 0.6575
      type: 'test'
      ...
    # Subtest: aggregates blockers and warnings into final decision
    ok 7 - aggregates blockers and warnings into final decision
      ---
      duration_ms: 1.6347
      type: 'test'
      ...
    1..7
ok 25 - policy-engine rules
  ---
  duration_ms: 13.9136
  type: 'suite'
  ...
# Subtest: AirtableApprovedWebhookSchema
    # Subtest: accepts a valid approved webhook payload
    ok 1 - accepts a valid approved webhook payload
      ---
      duration_ms: 4.3286
      type: 'test'
      ...
    # Subtest: rejects payload with master_copy field
    ok 2 - rejects payload with master_copy field
      ---
      duration_ms: 1.7761
      type: 'test'
      ...
    # Subtest: rejects payload with cta_url field
    ok 3 - rejects payload with cta_url field
      ---
      duration_ms: 0.485
      type: 'test'
      ...
    # Subtest: rejects payload with asset_links field
    ok 4 - rejects payload with asset_links field
      ---
      duration_ms: 0.2877
      type: 'test'
      ...
    # Subtest: rejects payload with token field
    ok 5 - rejects payload with token field
      ---
      duration_ms: 0.4744
      type: 'test'
      ...
    # Subtest: rejects payload with access_token field
    ok 6 - rejects payload with access_token field
      ---
      duration_ms: 0.2793
      type: 'test'
      ...
    # Subtest: rejects payload with api_key field
    ok 7 - rejects payload with api_key field
      ---
      duration_ms: 0.3432
      type: 'test'
      ...
    # Subtest: rejects payload with wrong table_name
    ok 8 - rejects payload with wrong table_name
      ---
      duration_ms: 0.5707
      type: 'test'
      ...
    # Subtest: rejects payload with wrong change_type
    ok 9 - rejects payload with wrong change_type
      ---
      duration_ms: 0.6167
      type: 'test'
      ...
    # Subtest: rejects payload missing required fields
    ok 10 - rejects payload missing required fields
      ---
      duration_ms: 0.8444
      type: 'test'
      ...
    1..10
ok 26 - AirtableApprovedWebhookSchema
  ---
  duration_ms: 11.9489
  type: 'suite'
  ...
# Subtest: AirtableApprovedQueueMessageSchema
    # Subtest: accepts a valid references-only queue message
    ok 1 - accepts a valid references-only queue message
      ---
      duration_ms: 0.5136
      type: 'test'
      ...
    # Subtest: rejects queue message with approved_version field
    ok 2 - rejects queue message with approved_version field
      ---
      duration_ms: 0.444
      type: 'test'
      ...
    # Subtest: rejects queue message with master_copy field
    ok 3 - rejects queue message with master_copy field
      ---
      duration_ms: 0.2351
      type: 'test'
      ...
    # Subtest: rejects queue message with cta_url field
    ok 4 - rejects queue message with cta_url field
      ---
      duration_ms: 0.2875
      type: 'test'
      ...
    # Subtest: rejects queue message with asset_links field
    ok 5 - rejects queue message with asset_links field
      ---
      duration_ms: 0.2327
      type: 'test'
      ...
    # Subtest: rejects queue message with access_token field
    ok 6 - rejects queue message with access_token field
      ---
      duration_ms: 0.187
      type: 'test'
      ...
    # Subtest: rejects queue message with secret_ref field
    ok 7 - rejects queue message with secret_ref field
      ---
      duration_ms: 0.1646
      type: 'test'
      ...
    # Subtest: rejects queue message with wrong event_type
    ok 8 - rejects queue message with wrong event_type
      ---
      duration_ms: 0.408
      type: 'test'
      ...
    # Subtest: rejects queue message with wrong event_version
    ok 9 - rejects queue message with wrong event_version
      ---
      duration_ms: 0.2632
      type: 'test'
      ...
    # Subtest: rejects queue message missing correlation_id
    ok 10 - rejects queue message missing correlation_id
      ---
      duration_ms: 0.2636
      type: 'test'
      ...
    1..10
ok 27 - AirtableApprovedQueueMessageSchema
  ---
  duration_ms: 3.4747
  type: 'suite'
  ...
# Subtest: idempotency helpers
    # Subtest: createIngressIdempotencyKey returns correct format
    ok 1 - createIngressIdempotencyKey returns correct format
      ---
      duration_ms: 0.2613
      type: 'test'
      ...
    # Subtest: createWorkflowIdempotencyKey returns correct format
    ok 2 - createWorkflowIdempotencyKey returns correct format
      ---
      duration_ms: 0.1814
      type: 'test'
      ...
    # Subtest: createIngressIdempotencyKey is deterministic for same input
    ok 3 - createIngressIdempotencyKey is deterministic for same input
      ---
      duration_ms: 0.1727
      type: 'test'
      ...
    # Subtest: createWorkflowIdempotencyKey differentiates workspace_id
    ok 4 - createWorkflowIdempotencyKey differentiates workspace_id
      ---
      duration_ms: 0.2138
      type: 'test'
      ...
    # Subtest: createWorkflowIdempotencyKey differentiates approved_version
    ok 5 - createWorkflowIdempotencyKey differentiates approved_version
      ---
      duration_ms: 0.157
      type: 'test'
      ...
    1..5
ok 28 - idempotency helpers
  ---
  duration_ms: 1.2775
  type: 'suite'
  ...
# Subtest: AiComposerQueueMessageSchema
    # Subtest: accepts a valid references-only AI composer queue message
    ok 1 - accepts a valid references-only AI composer queue message
      ---
      duration_ms: 0.5021
      type: 'test'
      ...
    # Subtest: rejects AI queue message with forbidden field master_copy
    ok 2 - rejects AI queue message with forbidden field master_copy
      ---
      duration_ms: 0.4057
      type: 'test'
      ...
    # Subtest: rejects AI queue message with forbidden field cta_url
    ok 3 - rejects AI queue message with forbidden field cta_url
      ---
      duration_ms: 0.256
      type: 'test'
      ...
    # Subtest: rejects AI queue message with forbidden field asset_links
    ok 4 - rejects AI queue message with forbidden field asset_links
      ---
      duration_ms: 0.1835
      type: 'test'
      ...
    # Subtest: rejects AI queue message with forbidden field prompt
    ok 5 - rejects AI queue message with forbidden field prompt
      ---
      duration_ms: 0.2648
      type: 'test'
      ...
    # Subtest: rejects AI queue message with forbidden field output
    ok 6 - rejects AI queue message with forbidden field output
      ---
      duration_ms: 0.1958
      type: 'test'
      ...
    # Subtest: rejects AI queue message with forbidden field body
    ok 7 - rejects AI queue message with forbidden field body
      ---
      duration_ms: 0.2544
      type: 'test'
      ...
    # Subtest: rejects AI queue message with forbidden field hashtags
    ok 8 - rejects AI queue message with forbidden field hashtags
      ---
      duration_ms: 0.2333
      type: 'test'
      ...
    # Subtest: rejects AI queue message with forbidden field access_token
    ok 9 - rejects AI queue message with forbidden field access_token
      ---
      duration_ms: 0.3516
      type: 'test'
      ...
    # Subtest: rejects AI queue message with forbidden field secret_ref
    ok 10 - rejects AI queue message with forbidden field secret_ref
      ---
      duration_ms: 0.2836
      type: 'test'
      ...
    # Subtest: rejects AI queue message with forbidden field api_key
    ok 11 - rejects AI queue message with forbidden field api_key
      ---
      duration_ms: 0.3559
      type: 'test'
      ...
    # Subtest: rejects AI queue message with forbidden field token
    ok 12 - rejects AI queue message with forbidden field token
      ---
      duration_ms: 0.1894
      type: 'test'
      ...
    1..12
ok 29 - AiComposerQueueMessageSchema
  ---
  duration_ms: 4.581
  type: 'suite'
  ...
# Subtest: MCP Contracts
    # Subtest: validatePost
        # Subtest: should accept valid input
        ok 1 - should accept valid input
          ---
          duration_ms: 3.1313
          type: 'test'
          ...
        # Subtest: should reject input with access token
        ok 2 - should reject input with access token
          ---
          duration_ms: 2.3685
          type: 'test'
          ...
        # Subtest: should parse valid validation result
        ok 3 - should parse valid validation result
          ---
          duration_ms: 1.4248
          type: 'test'
          ...
        1..3
    ok 1 - validatePost
      ---
      duration_ms: 8.1019
      type: 'suite'
      ...
    # Subtest: rateLimitStatus
        # Subtest: should accept valid input
        ok 1 - should accept valid input
          ---
          duration_ms: 0.5078
          type: 'test'
          ...
        # Subtest: should parse valid result
        ok 2 - should parse valid result
          ---
          duration_ms: 1.3413
          type: 'test'
          ...
        1..2
    ok 2 - rateLimitStatus
      ---
      duration_ms: 2.2317
      type: 'suite'
      ...
    # Subtest: publishFacebookValidatedEvent
        # Subtest: should accept valid references-only payload
        ok 1 - should accept valid references-only payload
          ---
          duration_ms: 0.9706
          type: 'test'
          ...
        # Subtest: should reject payload containing token or body
        ok 2 - should reject payload containing token or body
          ---
          duration_ms: 1.8906
          type: 'test'
          ...
        1..2
    ok 3 - publishFacebookValidatedEvent
      ---
      duration_ms: 3.3318
      type: 'suite'
      ...
    1..3
ok 30 - MCP Contracts
  ---
  duration_ms: 14.5456
  type: 'suite'
  ...
# Subtest: PolicyEvaluateRequestedEventSchema
    # Subtest: accepts a valid references-only policy event
    ok 1 - accepts a valid references-only policy event
      ---
      duration_ms: 4.8886
      type: 'test'
      ...
    # Subtest: rejects forbidden field body
    ok 2 - rejects forbidden field body
      ---
      duration_ms: 1.3879
      type: 'test'
      ...
    # Subtest: rejects forbidden field hashtags
    ok 3 - rejects forbidden field hashtags
      ---
      duration_ms: 0.582
      type: 'test'
      ...
    # Subtest: rejects forbidden field cta_url
    ok 4 - rejects forbidden field cta_url
      ---
      duration_ms: 0.6284
      type: 'test'
      ...
    # Subtest: rejects forbidden field access_token
    ok 5 - rejects forbidden field access_token
      ---
      duration_ms: 0.3657
      type: 'test'
      ...
    # Subtest: rejects forbidden field secret_ref
    ok 6 - rejects forbidden field secret_ref
      ---
      duration_ms: 0.5163
      type: 'test'
      ...
    # Subtest: rejects forbidden field api_key
    ok 7 - rejects forbidden field api_key
      ---
      duration_ms: 0.1805
      type: 'test'
      ...
    # Subtest: rejects forbidden field token
    ok 8 - rejects forbidden field token
      ---
      duration_ms: 0.3847
      type: 'test'
      ...
    1..8
ok 31 - PolicyEvaluateRequestedEventSchema
  ---
  duration_ms: 11.0301
  type: 'suite'
  ...
# Subtest: PublishFacebookRequestedEventSchema
    # Subtest: accepts a valid references-only publish event
    ok 1 - accepts a valid references-only publish event
      ---
      duration_ms: 1.6454
      type: 'test'
      ...
    # Subtest: rejects forbidden field body
    ok 2 - rejects forbidden field body
      ---
      duration_ms: 0.7525
      type: 'test'
      ...
    # Subtest: rejects forbidden field hashtags
    ok 3 - rejects forbidden field hashtags
      ---
      duration_ms: 0.4828
      type: 'test'
      ...
    # Subtest: rejects forbidden field cta_url
    ok 4 - rejects forbidden field cta_url
      ---
      duration_ms: 0.245
      type: 'test'
      ...
    # Subtest: rejects forbidden field access_token
    ok 5 - rejects forbidden field access_token
      ---
      duration_ms: 0.1873
      type: 'test'
      ...
    # Subtest: rejects forbidden field secret_ref
    ok 6 - rejects forbidden field secret_ref
      ---
      duration_ms: 0.2742
      type: 'test'
      ...
    # Subtest: rejects forbidden field api_key
    ok 7 - rejects forbidden field api_key
      ---
      duration_ms: 0.184
      type: 'test'
      ...
    # Subtest: rejects forbidden field master_copy
    ok 8 - rejects forbidden field master_copy
      ---
      duration_ms: 0.1674
      type: 'test'
      ...
    1..8
ok 32 - PublishFacebookRequestedEventSchema
  ---
  duration_ms: 4.4782
  type: 'suite'
  ...
1..32
# tests 172
# suites 35
# pass 170
# fail 2
# cancelled 0
# skipped 0
# todo 0
# duration_ms 453.8303
