TAP version 13
# Subtest: DatabaseSecretStore
    # Subtest: should throw error if SECRET_ENCRYPTION_KEY is missing
    ok 1 - should throw error if SECRET_ENCRYPTION_KEY is missing
      ---
      duration_ms: 1.6202
      type: 'test'
      ...
    # Subtest: should securely encrypt and store a secret
    ok 2 - should securely encrypt and store a secret
      ---
      duration_ms: 1.6713
      type: 'test'
      ...
    # Subtest: should correctly resolve an active secret
    ok 3 - should correctly resolve an active secret
      ---
      duration_ms: 0.9761
      type: 'test'
      ...
    # Subtest: should reject resolving a non-existent secret
    ok 4 - should reject resolving a non-existent secret
      ---
      duration_ms: 0.6648
      type: 'test'
      ...
    # Subtest: should reject resolving a revoked secret
    ok 5 - should reject resolving a revoked secret
      ---
      duration_ms: 0.3809
      type: 'test'
      ...
    # Subtest: should reject non-dbsecret formats
    ok 6 - should reject non-dbsecret formats
      ---
      duration_ms: 0.4741
      type: 'test'
      ...
    1..6
ok 1 - DatabaseSecretStore
  ---
  duration_ms: 10.6537
  type: 'suite'
  ...
# Subtest: getRateLimitStatusHandler
    # Subtest: should return default limit when env not set
    ok 1 - should return default limit when env not set
      ---
      duration_ms: 6.3073
      type: 'test'
      ...
    # Subtest: should return configured limit from env
    ok 2 - should return configured limit from env
      ---
      duration_ms: 0.6382
      type: 'test'
      ...
    # Subtest: should throw if secret is invalid
    ok 3 - should throw if secret is invalid
      ---
      duration_ms: 2.0716
      type: 'test'
      ...
    1..3
ok 2 - getRateLimitStatusHandler
  ---
  duration_ms: 11.0709
  type: 'suite'
  ...
# Subtest: MCP publishPost tool
    # Subtest: returns success when publish succeeds
    ok 1 - returns success when publish succeeds
      ---
      duration_ms: 4.6609
      type: 'test'
      ...
    # Subtest: returns PLATFORM_TRANSIENT_ERROR on 5xx
    ok 2 - returns PLATFORM_TRANSIENT_ERROR on 5xx
      ---
      duration_ms: 3.2831
      type: 'test'
      ...
    # Subtest: returns PLATFORM_AUTH_FAILED on OAuth error
    ok 3 - returns PLATFORM_AUTH_FAILED on OAuth error
      ---
      duration_ms: 0.4429
      type: 'test'
      ...
    1..3
ok 3 - MCP publishPost tool
  ---
  duration_ms: 10.5502
  type: 'suite'
  ...
# Subtest: EnvSecretStore
    # Subtest: should resolve valid env secret
    ok 1 - should resolve valid env secret
      ---
      duration_ms: 1.4746
      type: 'test'
      ...
    # Subtest: should reject vault:// with specific error
    ok 2 - should reject vault:// with specific error
      ---
      duration_ms: 0.9706
      type: 'test'
      ...
    # Subtest: should reject missing env variables
    ok 3 - should reject missing env variables
      ---
      duration_ms: 1.004
      type: 'test'
      ...
    # Subtest: should reject unknown format
    ok 4 - should reject unknown format
      ---
      duration_ms: 0.8704
      type: 'test'
      ...
    1..4
ok 4 - EnvSecretStore
  ---
  duration_ms: 7.4805
  type: 'suite'
  ...
# Subtest: syncComments tool
    # Subtest: should successfully fetch comments
    ok 1 - should successfully fetch comments
      ---
      duration_ms: 1.583
      type: 'test'
      ...
    # Subtest: should handle platform rate limit error
    ok 2 - should handle platform rate limit error
      ---
      duration_ms: 0.5767
      type: 'test'
      ...
    # Subtest: should handle missing secrets
    ok 3 - should handle missing secrets
      ---
      duration_ms: 0.4818
      type: 'test'
      ...
    1..3
ok 5 - syncComments tool
  ---
  duration_ms: 5.9988
  type: 'suite'
  ...
# Subtest: validatePostHandler
    # Subtest: should pass valid post
    ok 1 - should pass valid post
      ---
      duration_ms: 2.8607
      type: 'test'
      ...
    # Subtest: should fail when body text is too long
    ok 2 - should fail when body text is too long
      ---
      duration_ms: 0.3804
      type: 'test'
      ...
    # Subtest: should issue warning when too many hashtags
    ok 3 - should issue warning when too many hashtags
      ---
      duration_ms: 0.6924
      type: 'test'
      ...
    # Subtest: should fail when credentials cannot be resolved
    ok 4 - should fail when credentials cannot be resolved
      ---
      duration_ms: 0.8508
      type: 'test'
      ...
    1..4
ok 6 - validatePostHandler
  ---
  duration_ms: 8.3112
  type: 'suite'
  ...
# Subtest: replyComment
    # Subtest: should post comment and return success
    ok 1 - should post comment and return success
      ---
      duration_ms: 2.951
      type: 'test'
      ...
    # Subtest: should sanitize credentials on graph error
    ok 2 - should sanitize credentials on graph error
      ---
      duration_ms: 1.0851
      type: 'test'
      ...
    1..2
ok 7 - replyComment
  ---
  duration_ms: 8.3891
  type: 'suite'
  ...
# Subtest: AI Composer RabbitMQ consumer
    # Subtest: ACKs only after worker processing completes
    ok 1 - ACKs only after worker processing completes
      ---
      duration_ms: 7.076
      type: 'test'
      ...
    # Subtest: routes invalid schema messages to DLQ and ACKs original only after confirm
    ok 2 - routes invalid schema messages to DLQ and ACKs original only after confirm
      ---
      duration_ms: 4.5181
      type: 'test'
      ...
    # Subtest: NACKs with requeue when worker returns retryable infrastructure failure
    ok 3 - NACKs with requeue when worker returns retryable infrastructure failure
      ---
      duration_ms: 1.0061
      type: 'test'
      ...
    1..3
ok 8 - AI Composer RabbitMQ consumer
  ---
  duration_ms: 15.198
  type: 'suite'
  ...
# {"level":"error","message":"LLM Provider call failed","metadata":{"error":"LlmRateLimitError: Gemini API rate limit hit (Mock)"},"timestamp":"2026-06-03T07:31:15.229Z"}
# {"level":"error","message":"Airtable variant sync failed. Setting sync_retry_needed = true in Ledger.","metadata":{"airtableRecordId":"recPost123","error":"Error: Airtable optimistic guard failed: status is Scheduled"},"timestamp":"2026-06-03T07:31:15.241Z"}
# {"level":"error","message":"LLM Provider call failed","metadata":{"error":"Error: provider failed [REDACTED] [REDACTED]"},"timestamp":"2026-06-03T07:31:15.244Z"}
# {"level":"error","message":"Failed to load campaign brief details","metadata":{"campaignId":"cmp_123","error":"NotionSsrfError: SSRF protection blocked URL"},"timestamp":"2026-06-03T07:31:15.246Z"}
# Subtest: AiComposerWorker Integration Scenarios
    # Subtest: SC-01 Happy Path: claims workflow, reloads Airtable, calls LLM, persists variant & outbox, and syncs Airtable
    ok 1 - SC-01 Happy Path: claims workflow, reloads Airtable, calls LLM, persists variant & outbox, and syncs Airtable
      ---
      duration_ms: 12.0225
      type: 'test'
      ...
    # Subtest: SC-02 Duplicate Redelivery: fast-pass reuse of existing completed generation run
    ok 2 - SC-02 Duplicate Redelivery: fast-pass reuse of existing completed generation run
      ---
      duration_ms: 0.6844
      type: 'test'
      ...
    # Subtest: SC-03 Rate Limit Retry: marks run as retryable_failed on provider rate limit
    ok 3 - SC-03 Rate Limit Retry: marks run as retryable_failed on provider rate limit
      ---
      duration_ms: 6.1306
      type: 'test'
      ...
    # Subtest: SC-04 Intent Drift: rejects mismatching CTA hostname
    ok 4 - SC-04 Intent Drift: rejects mismatching CTA hostname
      ---
      duration_ms: 3.7357
      type: 'test'
      ...
    # Subtest: SC-05 Prompt Injection: locks down on dangerous keys
    ok 5 - SC-05 Prompt Injection: locks down on dangerous keys
      ---
      duration_ms: 2.1655
      type: 'test'
      ...
    # Subtest: SC-06 Airtable optimistic guard: keeps Ledger committed and marks sync retry when status changed before sync
    ok 6 - SC-06 Airtable optimistic guard: keeps Ledger committed and marks sync retry when status changed before sync
      ---
      duration_ms: 2.4286
      type: 'test'
      ...
    # Subtest: SC-07 Malformed JSON: does not create an active content variant
    ok 7 - SC-07 Malformed JSON: does not create an active content variant
      ---
      duration_ms: 1.1827
      type: 'test'
      ...
    # Subtest: SC-08 LLM provider errors are redacted before Ledger persistence
    ok 8 - SC-08 LLM provider errors are redacted before Ledger persistence
      ---
      duration_ms: 1.661
      type: 'test'
      ...
    # Subtest: SC-09 Notion SSRF: hard fails workflow run with NOTION_NOT_ALLOWLISTED and no silent fallback
    ok 9 - SC-09 Notion SSRF: hard fails workflow run with NOTION_NOT_ALLOWLISTED and no silent fallback
      ---
      duration_ms: 2.7474
      type: 'test'
      ...
    # Subtest: SC-10 Notion API Fail: falls back to campaign_objective successfully
    not ok 10 - SC-10 Notion API Fail: falls back to campaign_objective successfully
      ---
      duration_ms: 3.7329
      type: 'test'
      location: 'D:\\Muti-Media Management\\apps\\orchestrator\\dist\\__tests__\\aiComposerWorker.test.js:542:5'
      failureType: 'testCodeFailure'
      error: |-
        Expected values to be strictly equal:
        
        false !== true
        
      code: 'ERR_ASSERTION'
      name: 'AssertionError'
      expected: true
      actual: false
      operator: 'strictEqual'
      stack: |-
        TestContext.<anonymous> (file:///D:/Muti-Media%20Management/apps/orchestrator/dist/__tests__/aiComposerWorker.test.js:599:16)
        async Test.run (node:internal/test_runner/test:1054:7)
        async Suite.processPendingSubtests (node:internal/test_runner/test:744:7)
      ...
    1..10
not ok 9 - AiComposerWorker Integration Scenarios
  ---
  duration_ms: 39.3728
  type: 'suite'
  location: 'D:\\Muti-Media Management\\apps\\orchestrator\\dist\\__tests__\\aiComposerWorker.test.js:18:1'
  failureType: 'subtestsFailed'
  error: '1 subtest failed'
  code: 'ERR_TEST_FAILURE'
  ...
# Subtest: AirtableClient
    # Subtest: happy path: returns parsed reloaded record on HTTP 200
    ok 1 - happy path: returns parsed reloaded record on HTTP 200
      ---
      duration_ms: 7.7781
      type: 'test'
      ...
    # Subtest: handles HTTP 404: throws AirtableRecordNotFoundError
    ok 2 - handles HTTP 404: throws AirtableRecordNotFoundError
      ---
      duration_ms: 1.5468
      type: 'test'
      ...
    # Subtest: handles HTTP 429: throws AirtableRateLimitError
    ok 3 - handles HTTP 429: throws AirtableRateLimitError
      ---
      duration_ms: 1.3906
      type: 'test'
      ...
    # Subtest: handles HTTP 502/503: throws AirtableServiceError
    ok 4 - handles HTTP 502/503: throws AirtableServiceError
      ---
      duration_ms: 1.2765
      type: 'test'
      ...
    # Subtest: handles timeout AbortError: throws AirtableNetworkError
    ok 5 - handles timeout AbortError: throws AirtableNetworkError
      ---
      duration_ms: 0.9315
      type: 'test'
      ...
    1..5
ok 10 - AirtableClient
  ---
  duration_ms: 15.2849
  type: 'suite'
  ...
# {"level":"warn","message":"Channel account missing: target includes Facebook but no connected accounts","metadata":{"workspace_id":"ws_test_123"},"timestamp":"2026-06-03T07:31:15.212Z"}
# {"level":"error","message":"Channel account unresolved: no server-side mapping found","metadata":{"workspace_id":"ws_test_123","airtable_record_id":"recAcc123"},"timestamp":"2026-06-03T07:31:15.217Z"}
# {"level":"warn","message":"Channel account unresolved, routing to DLQ","metadata":{"event_id":"evt_approved_001"},"timestamp":"2026-06-03T07:31:15.217Z"}
# {"level":"warn","message":"Airtable transient error, marking retryable","metadata":{"event_id":"evt_approved_001","error_name":"AirtableRateLimitError"},"timestamp":"2026-06-03T07:31:15.219Z"}
# {"level":"warn","message":"Airtable record not found, marking failed","metadata":{"event_id":"evt_approved_001","record_ref":"recPost123"},"timestamp":"2026-06-03T07:31:15.220Z"}
# Subtest: ApprovedPostWorker
    # Subtest: TS-01 Happy Path: processes valid Approved post, creates workflow stub
    ok 1 - TS-01 Happy Path: processes valid Approved post, creates workflow stub
      ---
      duration_ms: 6.8664
      type: 'test'
      ...
    # Subtest: TS-02 Fast-Pass: event already finalized returns immediate ACK
    ok 2 - TS-02 Fast-Pass: event already finalized returns immediate ACK
      ---
      duration_ms: 0.8874
      type: 'test'
      ...
    # Subtest: TS-05 Stale Status: reloaded status is Draft, ignores and ACKs
    ok 3 - TS-05 Stale Status: reloaded status is Draft, ignores and ACKs
      ---
      duration_ms: 1.1645
      type: 'test'
      ...
    # Subtest: TS-06 Advanced Status: reloaded status is Scheduled, ignores and ACKs
    ok 4 - TS-06 Advanced Status: reloaded status is Scheduled, ignores and ACKs
      ---
      duration_ms: 0.7368
      type: 'test'
      ...
    # Subtest: TS-07 Invalid reload logic formula: ignores and ACKs
    ok 5 - TS-07 Invalid reload logic formula: ignores and ACKs
      ---
      duration_ms: 0.8793
      type: 'test'
      ...
    # Subtest: TS-08 Missing channel accounts: ignores and ACKs
    ok 6 - TS-08 Missing channel accounts: ignores and ACKs
      ---
      duration_ms: 5.5811
      type: 'test'
      ...
    # Subtest: TS-10 Unresolved channel account: routes to DLQ and returns nack_dlq
    ok 7 - TS-10 Unresolved channel account: routes to DLQ and returns nack_dlq
      ---
      duration_ms: 1.8599
      type: 'test'
      ...
    # Subtest: TS-11 Transient Airtable Error: returns nack_requeue
    ok 8 - TS-11 Transient Airtable Error: returns nack_requeue
      ---
      duration_ms: 1.477
      type: 'test'
      ...
    # Subtest: TS-11 Terminal Airtable RecordNotFound Error: returns nack_dlq
    ok 9 - TS-11 Terminal Airtable RecordNotFound Error: returns nack_dlq
      ---
      duration_ms: 1.3631
      type: 'test'
      ...
    # Subtest: TS-14 Race Condition: detects duplicate allocation and ignores successfully
    ok 10 - TS-14 Race Condition: detects duplicate allocation and ignores successfully
      ---
      duration_ms: 1.9009
      type: 'test'
      ...
    1..10
ok 11 - ApprovedPostWorker
  ---
  duration_ms: 25.6549
  type: 'suite'
  ...
# Subtest: Audit Redactor
    # Subtest: should redact flat forbidden fields
    ok 1 - should redact flat forbidden fields
      ---
      duration_ms: 2.744
      type: 'test'
      ...
    # Subtest: should redact nested object/array forbidden fields
    ok 2 - should redact nested object/array forbidden fields
      ---
      duration_ms: 0.7812
      type: 'test'
      ...
    # Subtest: should redact string values containing Bearer or JWT
    ok 3 - should redact string values containing Bearer or JWT
      ---
      duration_ms: 0.3453
      type: 'test'
      ...
    # Subtest: redacted_keys contains bare keys only, not paths
    ok 4 - redacted_keys contains bare keys only, not paths
      ---
      duration_ms: 0.5506
      type: 'test'
      ...
    1..4
ok 12 - Audit Redactor
  ---
  duration_ms: 6.279
  type: 'suite'
  ...
# Subtest: AuditLogRepository
    # Subtest: should write sanitized metadata
    ok 1 - should write sanitized metadata
      ---
      duration_ms: 1.9007
      type: 'test'
      ...
    # Subtest: should generate SQL using event_type instead of action
    ok 2 - should generate SQL using event_type instead of action
      ---
      duration_ms: 0.8372
      type: 'test'
      ...
    # Subtest: should generate SQL with fallback for correlationId
    ok 3 - should generate SQL with fallback for correlationId
      ---
      duration_ms: 0.5912
      type: 'test'
      ...
    1..3
ok 13 - AuditLogRepository
  ---
  duration_ms: 4.0936
  type: 'suite'
  ...
# Subtest: Migration US-010 Hardening
    # Subtest: should contain required constraints and triggers
    ok 1 - should contain required constraints and triggers
      ---
      duration_ms: 0.8521
      type: 'test'
      ...
    1..1
ok 14 - Migration US-010 Hardening
  ---
  duration_ms: 1.3665
  type: 'suite'
  ...
# {"level":"warn","message":"Channel account missing: target includes Facebook but no connected accounts","metadata":{"workspace_id":"ws_test_123"},"timestamp":"2026-06-03T07:31:15.112Z"}
# {"level":"warn","message":"Channel account inactive in Airtable","metadata":{"workspace_id":"ws_test_123","stub_status":"Expired"},"timestamp":"2026-06-03T07:31:15.116Z"}
# {"level":"error","message":"Channel account unresolved: no server-side mapping found","metadata":{"workspace_id":"ws_test_123","airtable_record_id":"recAcc123"},"timestamp":"2026-06-03T07:31:15.117Z"}
# {"level":"warn","message":"Channel account inactive server-side","metadata":{"workspace_id":"ws_test_123","db_status":"inactive","token_status":"[REDACTED]"},"timestamp":"2026-06-03T07:31:15.118Z"}
# {"level":"warn","message":"Channel account inactive server-side","metadata":{"workspace_id":"ws_test_123","db_status":"active","token_status":"[REDACTED]"},"timestamp":"2026-06-03T07:31:15.119Z"}
# Subtest: ChannelAccountResolver
    # Subtest: returns success with empty accounts if Facebook is not in target channels
    ok 1 - returns success with empty accounts if Facebook is not in target channels
      ---
      duration_ms: 4.7756
      type: 'test'
      ...
    # Subtest: Case A: returns channel_account_missing if target includes Facebook but connected account record IDs are empty
    ok 2 - Case A: returns channel_account_missing if target includes Facebook but connected account record IDs are empty
      ---
      duration_ms: 4.1264
      type: 'test'
      ...
    # Subtest: Case A: returns channel_account_missing if no Facebook stubs exist in list
    ok 3 - Case A: returns channel_account_missing if no Facebook stubs exist in list
      ---
      duration_ms: 0.347
      type: 'test'
      ...
    # Subtest: Case B: returns channel_account_inactive if stub status is not Connected
    ok 4 - Case B: returns channel_account_inactive if stub status is not Connected
      ---
      duration_ms: 1.472
      type: 'test'
      ...
    # Subtest: Case C: returns channel_account_unresolved if database query returns no rows
    ok 5 - Case C: returns channel_account_unresolved if database query returns no rows
      ---
      duration_ms: 0.6943
      type: 'test'
      ...
    # Subtest: Case D: returns channel_account_inactive if DB status is inactive
    ok 6 - Case D: returns channel_account_inactive if DB status is inactive
      ---
      duration_ms: 0.6543
      type: 'test'
      ...
    # Subtest: Case D: returns channel_account_inactive if DB token status is not valid
    ok 7 - Case D: returns channel_account_inactive if DB token status is not valid
      ---
      duration_ms: 0.7948
      type: 'test'
      ...
    # Subtest: Case E: returns success and resolved accounts for valid active DB account
    ok 8 - Case E: returns success and resolved accounts for valid active DB account
      ---
      duration_ms: 0.6071
      type: 'test'
      ...
    1..8
ok 15 - ChannelAccountResolver
  ---
  duration_ms: 16.1598
  type: 'suite'
  ...
# Subtest: CommentRiskClassifier
    # Subtest: should use default keywords when env is not set
    ok 1 - should use default keywords when env is not set
      ---
      duration_ms: 3.5466
      type: 'test'
      ...
    # Subtest: should use configured keywords from env
    ok 2 - should use configured keywords from env
      ---
      duration_ms: 0.6766
      type: 'test'
      ...
    # Subtest: should handle empty or whitespace comment bodies safely
    ok 3 - should handle empty or whitespace comment bodies safely
      ---
      duration_ms: 8.654
      type: 'test'
      ...
    # Subtest: should be case-insensitive
    ok 4 - should be case-insensitive
      ---
      duration_ms: 0.9483
      type: 'test'
      ...
    1..4
ok 16 - CommentRiskClassifier
  ---
  duration_ms: 15.6807
  type: 'suite'
  ...
# Subtest: FacebookAdminRoutes
    # Subtest: AD-01: Returns 404 when feature flag is disabled
    ok 1 - AD-01: Returns 404 when feature flag is disabled
      ---
      duration_ms: 69.11
      type: 'test'
      ...
    # Subtest: AD-02: Returns 403 when admin role is missing
    ok 2 - AD-02: Returns 403 when admin role is missing
      ---
      duration_ms: 17.2168
      type: 'test'
      ...
    # Subtest: AD-03: Generates OAuth URL successfully
    ok 3 - AD-03: Generates OAuth URL successfully
      ---
      duration_ms: 11.4081
      type: 'test'
      ...
    # Subtest: AD-04: Exchanges code and lists pages, returns session ID not token
    ok 4 - AD-04: Exchanges code and lists pages, returns session ID not token
      ---
      duration_ms: 24.6386
      type: 'test'
      ...
    # Subtest: AD-05: Connects page using connectionSessionId and creates channel account
    ok 5 - AD-05: Connects page using connectionSessionId and creates channel account
      ---
      duration_ms: 8.4564
      type: 'test'
      ...
    # Subtest: AD-06: Performs health check
    ok 6 - AD-06: Performs health check
      ---
      duration_ms: 7.0521
      type: 'test'
      ...
    # Subtest: AD-07: Disconnects page
    ok 7 - AD-07: Disconnects page
      ---
      duration_ms: 6.4506
      type: 'test'
      ...
    1..7
ok 17 - FacebookAdminRoutes
  ---
  duration_ms: 146.8314
  type: 'suite'
  ...
# Subtest: FacebookCommentSyncWorker
    # Subtest: commits Ledger before publishing Slack alert and marks alert sent
    ok 1 - commits Ledger before publishing Slack alert and marks alert sent
      ---
      duration_ms: 6.1839
      type: 'test'
      ...
    # Subtest: should skip processing if already ingested
    ok 2 - should skip processing if already ingested
      ---
      duration_ms: 0.5648
      type: 'test'
      ...
    # Subtest: records pending_config and does not publish when target Slack channel is missing
    ok 3 - records pending_config and does not publish when target Slack channel is missing
      ---
      duration_ms: 0.6856
      type: 'test'
      ...
    # Subtest: marks alert failed without throwing when Slack publish fails after commit
    ok 4 - marks alert failed without throwing when Slack publish fails after commit
      ---
      duration_ms: 1.0004
      type: 'test'
      ...
    1..4
ok 18 - FacebookCommentSyncWorker
  ---
  duration_ms: 10.4274
  type: 'suite'
  ...
# Subtest: GeminiLlmAdapter Tests
    # Subtest: handles mock happy path successfully
    ok 1 - handles mock happy path successfully
      ---
      duration_ms: 1.6553
      type: 'test'
      ...
    # Subtest: handles mock drift path successfully
    ok 2 - handles mock drift path successfully
      ---
      duration_ms: 0.2888
      type: 'test'
      ...
    # Subtest: handles mock injection path successfully
    ok 3 - handles mock injection path successfully
      ---
      duration_ms: 0.2448
      type: 'test'
      ...
    # Subtest: throws LlmTimeoutError on timeout scenario
    ok 4 - throws LlmTimeoutError on timeout scenario
      ---
      duration_ms: 0.9406
      type: 'test'
      ...
    # Subtest: throws LlmRateLimitError on rate limit scenario
    ok 5 - throws LlmRateLimitError on rate limit scenario
      ---
      duration_ms: 0.3753
      type: 'test'
      ...
    1..5
ok 19 - GeminiLlmAdapter Tests
  ---
  duration_ms: 5.3241
  type: 'suite'
  ...
# Subtest: NotionClient SSRF Guardrails
    # Subtest: blocks non-HTTPS protocols
    ok 1 - blocks non-HTTPS protocols
      ---
      duration_ms: 3.3101
      type: 'test'
      ...
    # Subtest: blocks hosts not in the allowlist
    ok 2 - blocks hosts not in the allowlist
      ---
      duration_ms: 0.4525
      type: 'test'
      ...
    # Subtest: blocks URLs with user information
    ok 3 - blocks URLs with user information
      ---
      duration_ms: 0.4417
      type: 'test'
      ...
    # Subtest: blocks non-standard ports
    ok 4 - blocks non-standard ports
      ---
      duration_ms: 0.5391
      type: 'test'
      ...
    # Subtest: resolves and loads mock brief correctly
    ok 5 - resolves and loads mock brief correctly
      ---
      duration_ms: 12.4874
      type: 'test'
      ...
    1..5
ok 20 - NotionClient SSRF Guardrails
  ---
  duration_ms: 19.4203
  type: 'suite'
  ...
# Subtest: Policy RabbitMQ consumer
    # Subtest: ACKs only after worker processing completes
    ok 1 - ACKs only after worker processing completes
      ---
      duration_ms: 11.2858
      type: 'test'
      ...
    # Subtest: routes invalid schema messages to DLQ and ACKs original after confirm
    ok 2 - routes invalid schema messages to DLQ and ACKs original after confirm
      ---
      duration_ms: 5.6722
      type: 'test'
      ...
    # Subtest: NACKs with requeue when worker returns retryable persistence failure
    ok 3 - NACKs with requeue when worker returns retryable persistence failure
      ---
      duration_ms: 2.7473
      type: 'test'
      ...
    1..3
ok 21 - Policy RabbitMQ consumer
  ---
  duration_ms: 22.1861
  type: 'suite'
  ...
# Subtest: PolicyWorker
    # Subtest: happy path creates publish handoff only after durable transaction
    ok 1 - happy path creates publish handoff only after durable transaction
      ---
      duration_ms: 8.9699
      type: 'test'
      ...
    # Subtest: block path persists result then updates Airtable and publishes Slack alert
    ok 2 - block path persists result then updates Airtable and publishes Slack alert
      ---
      duration_ms: 6.5258
      type: 'test'
      ...
    # Subtest: duplicate event ACKs without side effects
    ok 3 - duplicate event ACKs without side effects
      ---
      duration_ms: 1.1826
      type: 'test'
      ...
    # Subtest: DB failure before commit returns NACK requeue
    ok 4 - DB failure before commit returns NACK requeue
      ---
      duration_ms: 6.2
      type: 'test'
      ...
    # Subtest: Airtable failure after Ledger commit marks compensation and still ACKs
    ok 5 - Airtable failure after Ledger commit marks compensation and still ACKs
      ---
      duration_ms: 2.5609
      type: 'test'
      ...
    1..5
ok 22 - PolicyWorker
  ---
  duration_ms: 28.8473
  type: 'suite'
  ...
# Subtest: promptRegistry
    # Subtest: should wrap context in <notion_context> boundary
    ok 1 - should wrap context in <notion_context> boundary
      ---
      duration_ms: 1.8584
      type: 'test'
      ...
    # Subtest: system prompt should contain instructions against prompt injection
    ok 2 - system prompt should contain instructions against prompt injection
      ---
      duration_ms: 0.3044
      type: 'test'
      ...
    1..2
ok 23 - promptRegistry
  ---
  duration_ms: 4.311
  type: 'suite'
  ...
# Subtest: redact ΓÇö Bearer token
    # Subtest: redacts Bearer token from a plain string
    ok 1 - redacts Bearer token from a plain string
      ---
      duration_ms: 3.3376
      type: 'test'
      ...
    # Subtest: redacts Bearer token embedded in JSON-like string
    ok 2 - redacts Bearer token embedded in JSON-like string
      ---
      duration_ms: 0.6945
      type: 'test'
      ...
    1..2
ok 24 - redact ΓÇö Bearer token
  ---
  duration_ms: 6.0855
  type: 'suite'
  ...
# Subtest: redact ΓÇö key=value patterns in strings
    # Subtest: redacts api_key value in string
    ok 1 - redacts api_key value in string
      ---
      duration_ms: 0.8297
      type: 'test'
      ...
    # Subtest: redacts provider key query parameter in URLs
    ok 2 - redacts provider key query parameter in URLs
      ---
      duration_ms: 0.5143
      type: 'test'
      ...
    # Subtest: redacts access_token value in string
    ok 3 - redacts access_token value in string
      ---
      duration_ms: 1.1262
      type: 'test'
      ...
    # Subtest: redacts secret value in string
    ok 4 - redacts secret value in string
      ---
      duration_ms: 0.3678
      type: 'test'
      ...
    # Subtest: redacts password value in string
    ok 5 - redacts password value in string
      ---
      duration_ms: 0.4779
      type: 'test'
      ...
    1..5
ok 25 - redact ΓÇö key=value patterns in strings
  ---
  duration_ms: 4.5814
  type: 'suite'
  ...
# Subtest: redact ΓÇö object key redaction
    # Subtest: redacts token key in object
    ok 1 - redacts token key in object
      ---
      duration_ms: 0.8655
      type: 'test'
      ...
    # Subtest: redacts secret key in object
    ok 2 - redacts secret key in object
      ---
      duration_ms: 0.3894
      type: 'test'
      ...
    # Subtest: redacts api_key key in object
    ok 3 - redacts api_key key in object
      ---
      duration_ms: 0.545
      type: 'test'
      ...
    # Subtest: redacts access_token key in object
    ok 4 - redacts access_token key in object
      ---
      duration_ms: 0.3017
      type: 'test'
      ...
    # Subtest: redacts password key in object
    ok 5 - redacts password key in object
      ---
      duration_ms: 0.3184
      type: 'test'
      ...
    1..5
ok 26 - redact ΓÇö object key redaction
  ---
  duration_ms: 2.9939
  type: 'suite'
  ...
# Subtest: redact ΓÇö nested object redaction
    # Subtest: redacts token in nested object
    ok 1 - redacts token in nested object
      ---
      duration_ms: 2.4506
      type: 'test'
      ...
    # Subtest: redacts token in deeply nested object
    ok 2 - redacts token in deeply nested object
      ---
      duration_ms: 0.2863
      type: 'test'
      ...
    # Subtest: does not redact safe metadata object that has no sensitive keys
    ok 3 - does not redact safe metadata object that has no sensitive keys
      ---
      duration_ms: 0.2979
      type: 'test'
      ...
    1..3
ok 27 - redact ΓÇö nested object redaction
  ---
  duration_ms: 3.4127
  type: 'suite'
  ...
# Subtest: redact ΓÇö array handling
    # Subtest: redacts sensitive items in an array of objects
    ok 1 - redacts sensitive items in an array of objects
      ---
      duration_ms: 0.3319
      type: 'test'
      ...
    # Subtest: redacts Bearer token in array of strings
    ok 2 - redacts Bearer token in array of strings
      ---
      duration_ms: 0.2122
      type: 'test'
      ...
    1..2
ok 28 - redact ΓÇö array handling
  ---
  duration_ms: 0.8257
  type: 'suite'
  ...
# Subtest: redact ΓÇö edge cases
    # Subtest: returns null as-is
    ok 1 - returns null as-is
      ---
      duration_ms: 0.329
      type: 'test'
      ...
    # Subtest: returns undefined as-is
    ok 2 - returns undefined as-is
      ---
      duration_ms: 0.1617
      type: 'test'
      ...
    # Subtest: returns number as-is
    ok 3 - returns number as-is
      ---
      duration_ms: 0.1302
      type: 'test'
      ...
    # Subtest: returns boolean as-is
    ok 4 - returns boolean as-is
      ---
      duration_ms: 0.1473
      type: 'test'
      ...
    # Subtest: returns empty string as-is
    ok 5 - returns empty string as-is
      ---
      duration_ms: 0.2754
      type: 'test'
      ...
    # Subtest: returns empty object as-is
    ok 6 - returns empty object as-is
      ---
      duration_ms: 3.733
      type: 'test'
      ...
    1..6
ok 29 - redact ΓÇö edge cases
  ---
  duration_ms: 5.1685
  type: 'suite'
  ...
# Subtest: ReportRepository
    # Subtest: REP-01: Correctly constructs SQL query and params for empty query
    ok 1 - REP-01: Correctly constructs SQL query and params for empty query
      ---
      duration_ms: 1.2799
      type: 'test'
      ...
    # Subtest: REP-02: Correctly constructs SQL query and params with full query
    ok 2 - REP-02: Correctly constructs SQL query and params with full query
      ---
      duration_ms: 0.383
      type: 'test'
      ...
    1..2
ok 30 - ReportRepository
  ---
  duration_ms: 3.3311
  type: 'suite'
  ...
# Subtest: ReportsRoutes
    # Subtest: RE-01: Returns 403 when user is missing
    ok 1 - RE-01: Returns 403 when user is missing
      ---
      duration_ms: 35.3255
      type: 'test'
      ...
    # Subtest: RE-02: Returns 403 when user has insufficient permissions
    ok 2 - RE-02: Returns 403 when user has insufficient permissions
      ---
      duration_ms: 6.202
      type: 'test'
      ...
    # Subtest: RE-03: Allows admin access and returns valid JSON report
    ok 3 - RE-03: Allows admin access and returns valid JSON report
      ---
      duration_ms: 5.3774
      type: 'test'
      ...
    # Subtest: RE-04: Allows manager access and filters by query params
    ok 4 - RE-04: Allows manager access and filters by query params
      ---
      duration_ms: 5.2461
      type: 'test'
      ...
    # Subtest: RE-05: Validates query parameters properly
    ok 5 - RE-05: Validates query parameters properly
      ---
      duration_ms: 5.2857
      type: 'test'
      ...
    # Subtest: RE-06: Generates valid CSV and escapes strings
    ok 6 - RE-06: Generates valid CSV and escapes strings
      ---
      duration_ms: 4.6011
      type: 'test'
      ...
    1..6
ok 31 - ReportsRoutes
  ---
  duration_ms: 63.5989
  type: 'suite'
  ...
# Subtest: US-003 production security gate
    # Subtest: migration enables RLS and uses USING plus WITH CHECK on every US-003 table
    ok 1 - migration enables RLS and uses USING plus WITH CHECK on every US-003 table
      ---
      duration_ms: 3.0166
      type: 'test'
      ...
    # Subtest: rejects service-role or RLS-bypass database credentials for worker runtime
    ok 2 - rejects service-role or RLS-bypass database credentials for worker runtime
      ---
      duration_ms: 1.4714
      type: 'test'
      ...
    # Subtest: redacts provider credentials from serialized provider errors
    ok 3 - redacts provider credentials from serialized provider errors
      ---
      duration_ms: 51.1536
      type: 'test'
      ...
    # Subtest: blocks private, loopback, link-local, metadata, and IPv6 local resolved Notion IPs
    ok 4 - blocks private, loopback, link-local, metadata, and IPv6 local resolved Notion IPs
      ---
      duration_ms: 2.9898
      type: 'test'
      ...
    # Subtest: blocks shortened/custom Notion-like domains and sends Notion fetches with redirects disabled
    ok 5 - blocks shortened/custom Notion-like domains and sends Notion fetches with redirects disabled
      ---
      duration_ms: 1.857
      type: 'test'
      ...
    1..5
ok 32 - US-003 production security gate
  ---
  duration_ms: 63.1428
  type: 'suite'
  ...
# Subtest: US-004 production security gate
    # Subtest: migration enables RLS and uses USING plus WITH CHECK on every US-004 table
    ok 1 - migration enables RLS and uses USING plus WITH CHECK on every US-004 table
      ---
      duration_ms: 0.8179
      type: 'test'
      ...
    # Subtest: policy engine package does not contain platform API or MCP publish calls
    ok 2 - policy engine package does not contain platform API or MCP publish calls
      ---
      duration_ms: 1.2134
      type: 'test'
      ...
    1..2
ok 33 - US-004 production security gate
  ---
  duration_ms: 2.5017
  type: 'suite'
  ...
# Subtest: US-006 production security gate
    # Subtest: migration enables RLS and uses USING plus WITH CHECK on publish_execution_events
    ok 1 - migration enables RLS and uses USING plus WITH CHECK on publish_execution_events
      ---
      duration_ms: 0.7224
      type: 'test'
      ...
    # Subtest: orchestrator codebase does not contain direct Graph API calls
    ok 2 - orchestrator codebase does not contain direct Graph API calls
      ---
      duration_ms: 0.7919
      type: 'test'
      ...
    # Subtest: mcp publish event schema rejects raw token/secret fields
    ok 3 - mcp publish event schema rejects raw token/secret fields
      ---
      duration_ms: 0.6559
      type: 'test'
      ...
    1..3
ok 34 - US-006 production security gate
  ---
  duration_ms: 2.5217
  type: 'suite'
  ...
# Subtest: SlackCommandParser
    # Subtest: should parse valid approve command
    ok 1 - should parse valid approve command
      ---
      duration_ms: 12.1412
      type: 'test'
      ...
    # Subtest: should parse valid approve command with extra trailing spaces in text
    ok 2 - should parse valid approve command with extra trailing spaces in text
      ---
      duration_ms: 0.495
      type: 'test'
      ...
    # Subtest: should ignore reason for approve command if provided
    ok 3 - should ignore reason for approve command if provided
      ---
      duration_ms: 0.6142
      type: 'test'
      ...
    # Subtest: should parse valid reject command with reason
    ok 4 - should parse valid reject command with reason
      ---
      duration_ms: 0.5362
      type: 'test'
      ...
    # Subtest: should return error for missing post id in approve
    ok 5 - should return error for missing post id in approve
      ---
      duration_ms: 0.5666
      type: 'test'
      ...
    # Subtest: should return error for missing reason in reject
    ok 6 - should return error for missing reason in reject
      ---
      duration_ms: 0.6007
      type: 'test'
      ...
    # Subtest: should return error for empty reason in reject
    ok 7 - should return error for empty reason in reject
      ---
      duration_ms: 3.6036
      type: 'test'
      ...
    # Subtest: should return error for reason too long
    ok 8 - should return error for reason too long
      ---
      duration_ms: 0.7281
      type: 'test'
      ...
    # Subtest: should return error for unknown command
    ok 9 - should return error for unknown command
      ---
      duration_ms: 0.9061
      type: 'test'
      ...
    # Subtest: should sanitize post id
    ok 10 - should sanitize post id
      ---
      duration_ms: 2.8644
      type: 'test'
      ...
    # Subtest: should error if post id is empty after sanitization
    ok 11 - should error if post id is empty after sanitization
      ---
      duration_ms: 1.0456
      type: 'test'
      ...
    # Subtest: should parse valid reply_comment command
    ok 12 - should parse valid reply_comment command
      ---
      duration_ms: 1.128
      type: 'test'
      ...
    # Subtest: should parse valid escalate command
    ok 13 - should parse valid escalate command
      ---
      duration_ms: 0.4568
      type: 'test'
      ...
    # Subtest: should return error for missing message in reply_comment
    ok 14 - should return error for missing message in reply_comment
      ---
      duration_ms: 1.0037
      type: 'test'
      ...
    # Subtest: should return error for missing interaction id in reply_comment
    ok 15 - should return error for missing interaction id in reply_comment
      ---
      duration_ms: 0.4588
      type: 'test'
      ...
    # Subtest: should return error for interaction id invalid in reply_comment
    ok 16 - should return error for interaction id invalid in reply_comment
      ---
      duration_ms: 0.4135
      type: 'test'
      ...
    1..16
ok 35 - SlackCommandParser
  ---
  duration_ms: 34.5501
  type: 'suite'
  ...
# Subtest: SlackCommandsRoute
    # Subtest: CMD-001: should return ephemeral error on invalid signature
    ok 1 - CMD-001: should return ephemeral error on invalid signature
      ---
      duration_ms: 29.647
      type: 'test'
      ...
    # Subtest: CMD-005: should return ephemeral error on malformed command
    ok 2 - CMD-005: should return ephemeral error on malformed command
      ---
      duration_ms: 7.9852
      type: 'test'
      ...
    # Subtest: CMD-009: should return ephemeral error on unauthorized role
    ok 3 - CMD-009: should return ephemeral error on unauthorized role
      ---
      duration_ms: 4.7363
      type: 'test'
      ...
    # Subtest: CMD-011: should return processing without waiting for RabbitMQ publish confirm
    ok 4 - CMD-011: should return processing without waiting for RabbitMQ publish confirm
      ---
      duration_ms: 4.927
      type: 'test'
      ...
    1..4
ok 36 - SlackCommandsRoute
  ---
  duration_ms: 49.0063
  type: 'suite'
  ...
# Subtest: SlackPostApprovalWorker
    # Subtest: WKR-001: should process approve command and update Airtable
    ok 1 - WKR-001: should process approve command and update Airtable
      ---
      duration_ms: 19.1977
      type: 'test'
      ...
    # Subtest: WKR-002: should process reject command and update Airtable with reason
    ok 2 - WKR-002: should process reject command and update Airtable with reason
      ---
      duration_ms: 2.0507
      type: 'test'
      ...
    # Subtest: WKR-005: should ACK immediately if already processed
    ok 3 - WKR-005: should ACK immediately if already processed
      ---
      duration_ms: 0.9721
      type: 'test'
      ...
    # Subtest: WKR-008: should mark failed and ACK if unknown post
    ok 4 - WKR-008: should mark failed and ACK if unknown post
      ---
      duration_ms: 1.3317
      type: 'test'
      ...
    # Subtest: WKR-012: should ACK after compensation when Airtable applied but final Ledger commit fails
    ok 5 - WKR-012: should ACK after compensation when Airtable applied but final Ledger commit fails
      ---
      duration_ms: 4.3123
      type: 'test'
      ...
    1..5
ok 37 - SlackPostApprovalWorker
  ---
  duration_ms: 30.7059
  type: 'suite'
  ...
# Subtest: SlackSignatureVerifier
    # Subtest: SIG-001: should accept valid signature
    ok 1 - SIG-001: should accept valid signature
      ---
      duration_ms: 4.9337
      type: 'test'
      ...
    # Subtest: SIG-002: should reject invalid signature (HMAC mismatch)
    ok 2 - SIG-002: should reject invalid signature (HMAC mismatch)
      ---
      duration_ms: 0.8374
      type: 'test'
      ...
    # Subtest: SIG-003: should reject stale timestamp (> 300s old)
    ok 3 - SIG-003: should reject stale timestamp (> 300s old)
      ---
      duration_ms: 0.8862
      type: 'test'
      ...
    # Subtest: SIG-004: should reject future timestamp (> 300s ahead)
    ok 4 - SIG-004: should reject future timestamp (> 300s ahead)
      ---
      duration_ms: 0.7551
      type: 'test'
      ...
    # Subtest: SIG-005: should reject missing signature header
    ok 5 - SIG-005: should reject missing signature header
      ---
      duration_ms: 0.8742
      type: 'test'
      ...
    # Subtest: SIG-006: should reject missing timestamp header
    ok 6 - SIG-006: should reject missing timestamp header
      ---
      duration_ms: 0.6089
      type: 'test'
      ...
    # Subtest: SIG-008: should fail cleanly and log error if secret is not configured
    ok 7 - SIG-008: should fail cleanly and log error if secret is not configured
      ---
      duration_ms: 2.5919
      type: 'test'
      ...
    1..7
ok 38 - SlackSignatureVerifier
  ---
  duration_ms: 13.6936
  type: 'suite'
  ...
# Subtest: structuredValidator ΓÇö extractJsonBlock
    # Subtest: extracts JSON block successfully from surrounding text
    ok 1 - extracts JSON block successfully from surrounding text
      ---
      duration_ms: 2.2341
      type: 'test'
      ...
    # Subtest: throws ValidationError when no JSON block is found
    ok 2 - throws ValidationError when no JSON block is found
      ---
      duration_ms: 0.7877
      type: 'test'
      ...
    1..2
ok 39 - structuredValidator ΓÇö extractJsonBlock
  ---
  duration_ms: 4.9166
  type: 'suite'
  ...
# Subtest: structuredValidator ΓÇö normalizeHashtags
    # Subtest: normalizes, lowercases, prefixes with \#, deduplicates and caps hashtags at 10
    ok 1 - normalizes, lowercases, prefixes with \#, deduplicates and caps hashtags at 10
      ---
      duration_ms: 0.6269
      type: 'test'
      ...
    # Subtest: throws ValidationError for non-array hashtags
    ok 2 - throws ValidationError for non-array hashtags
      ---
      duration_ms: 0.3049
      type: 'test'
      ...
    1..2
ok 40 - structuredValidator ΓÇö normalizeHashtags
  ---
  duration_ms: 1.2217
  type: 'suite'
  ...
# Subtest: structuredValidator ΓÇö verifyCtaAndUtm
    # Subtest: succeeds if output CTA matches source CTA exactly
    ok 1 - succeeds if output CTA matches source CTA exactly
      ---
      duration_ms: 0.9844
      type: 'test'
      ...
    # Subtest: succeeds if output CTA matches source but has safe extra query params or rearranged params
    ok 2 - succeeds if output CTA matches source but has safe extra query params or rearranged params
      ---
      duration_ms: 0.5444
      type: 'test'
      ...
    # Subtest: throws CTA_UTM_MUTATED if any UTM parameter is changed or missing
    ok 3 - throws CTA_UTM_MUTATED if any UTM parameter is changed or missing
      ---
      duration_ms: 0.6872
      type: 'test'
      ...
    # Subtest: throws INTENT_DRIFT if the host or path differs
    ok 4 - throws INTENT_DRIFT if the host or path differs
      ---
      duration_ms: 0.5355
      type: 'test'
      ...
    # Subtest: throws CTA_URL_MISSING if source has CTA but output lacks it
    ok 5 - throws CTA_URL_MISSING if source has CTA but output lacks it
      ---
      duration_ms: 0.3983
      type: 'test'
      ...
    # Subtest: throws CTA_URL_INVALID if output CTA is malformed
    ok 6 - throws CTA_URL_INVALID if output CTA is malformed
      ---
      duration_ms: 0.61
      type: 'test'
      ...
    1..6
ok 41 - structuredValidator ΓÇö verifyCtaAndUtm
  ---
  duration_ms: 4.5184
  type: 'suite'
  ...
# Subtest: structuredValidator ΓÇö detectPromptInjection
    # Subtest: throws PROMPT_INJECTION_DETECTED if injection keys are present
    ok 1 - throws PROMPT_INJECTION_DETECTED if injection keys are present
      ---
      duration_ms: 0.4061
      type: 'test'
      ...
    # Subtest: does not throw for clean objects
    ok 2 - does not throw for clean objects
      ---
      duration_ms: 0.2379
      type: 'test'
      ...
    1..2
ok 42 - structuredValidator ΓÇö detectPromptInjection
  ---
  duration_ms: 1.0542
  type: 'suite'
  ...
# Subtest: McpPublishRabbitmqConsumer
    # Subtest: acks message on successful worker execution
    ok 1 - acks message on successful worker execution
      ---
      duration_ms: 8.2727
      type: 'test'
      ...
    # Subtest: nacks and requeues on transient failure
    ok 2 - nacks and requeues on transient failure
      ---
      duration_ms: 1.6577
      type: 'test'
      ...
    # Subtest: routes to dlq on invalid schema
    ok 3 - routes to dlq on invalid schema
      ---
      duration_ms: 2.6933
      type: 'test'
      ...
    1..3
ok 43 - McpPublishRabbitmqConsumer
  ---
  duration_ms: 15.3344
  type: 'suite'
  ...
# Subtest: SlackCommentActionRabbitmqConsumer
    # Subtest: should create consumer object with start and stop
    ok 1 - should create consumer object with start and stop
      ---
      duration_ms: 4.2199
      type: 'test'
      ...
    1..1
ok 44 - SlackCommentActionRabbitmqConsumer
  ---
  duration_ms: 6.6872
  type: 'suite'
  ...
# Subtest: McpPublishScheduler
    # Subtest: does nothing if US006_EXECUTION_ENABLED is not true
    ok 1 - does nothing if US006_EXECUTION_ENABLED is not true
      ---
      duration_ms: 3.5735
      type: 'test'
      ...
    # Subtest: queries due jobs and publishes to rabbitmq
    ok 2 - queries due jobs and publishes to rabbitmq
      ---
      duration_ms: 1.7239
      type: 'test'
      ...
    # Subtest: does not publish if event was already enqueued (duplicate)
    ok 3 - does not publish if event was already enqueued (duplicate)
      ---
      duration_ms: 0.869
      type: 'test'
      ...
    1..3
ok 45 - McpPublishScheduler
  ---
  duration_ms: 7.9695
  type: 'suite'
  ...
# Subtest: McpPublishWorker
    # Subtest: processes successful publish
    ok 1 - processes successful publish
      ---
      duration_ms: 5.9846
      type: 'test'
      ...
    # Subtest: handles transient failure
    ok 2 - handles transient failure
      ---
      duration_ms: 2.002
      type: 'test'
      ...
    # Subtest: handles permanent failure
    ok 3 - handles permanent failure
      ---
      duration_ms: 1.3373
      type: 'test'
      ...
    1..3
ok 46 - McpPublishWorker
  ---
  duration_ms: 11.4306
  type: 'suite'
  ...
# Subtest: SlackCommentActionWorker
    # Subtest: should process reply comment successfully
    ok 1 - should process reply comment successfully
      ---
      duration_ms: 7.6857
      type: 'test'
      ...
    # Subtest: should process escalate successfully
    ok 2 - should process escalate successfully
      ---
      duration_ms: 2.7358
      type: 'test'
      ...
    # Subtest: should return channel_account_unresolved when channel account cannot be resolved
    ok 3 - should return channel_account_unresolved when channel account cannot be resolved
      ---
      duration_ms: 1.2914
      type: 'test'
      ...
    # Subtest: should return mcp_error when MCP call fails and not mark resolved
    ok 4 - should return mcp_error when MCP call fails and not mark resolved
      ---
      duration_ms: 2.3846
      type: 'test'
      ...
    # Subtest: should commit Ledger before publishing alert, and still ACK if alert fails
    ok 5 - should commit Ledger before publishing alert, and still ACK if alert fails
      ---
      duration_ms: 2.4125
      type: 'test'
      ...
    1..5
ok 47 - SlackCommentActionWorker
  ---
  duration_ms: 18.9111
  type: 'suite'
  ...
# Subtest: policy-engine rules
    # Subtest: exports a stable policy version
    ok 1 - exports a stable policy version
      ---
      duration_ms: 1.7135
      type: 'test'
      ...
    # Subtest: blocks missing approval state
    ok 2 - blocks missing approval state
      ---
      duration_ms: 0.2931
      type: 'test'
      ...
    # Subtest: blocks inactive channel and invalid token
    ok 3 - blocks inactive channel and invalid token
      ---
      duration_ms: 0.4042
      type: 'test'
      ...
    # Subtest: enforces Facebook text limit
    ok 4 - enforces Facebook text limit
      ---
      duration_ms: 0.5645
      type: 'test'
      ...
    # Subtest: detects forbidden terms in body and hashtags case-insensitively without exposing raw term
    ok 5 - detects forbidden terms in body and hashtags case-insensitively without exposing raw term
      ---
      duration_ms: 0.6014
      type: 'test'
      ...
    # Subtest: handles CTA and UTM warning mode
    ok 6 - handles CTA and UTM warning mode
      ---
      duration_ms: 0.5941
      type: 'test'
      ...
    # Subtest: aggregates blockers and warnings into final decision
    ok 7 - aggregates blockers and warnings into final decision
      ---
      duration_ms: 1.5291
      type: 'test'
      ...
    1..7
ok 48 - policy-engine rules
  ---
  duration_ms: 8.4258
  type: 'suite'
  ...
# Subtest: AirtableApprovedWebhookSchema
    # Subtest: accepts a valid approved webhook payload
    ok 1 - accepts a valid approved webhook payload
      ---
      duration_ms: 4.8482
      type: 'test'
      ...
    # Subtest: rejects payload with master_copy field
    ok 2 - rejects payload with master_copy field
      ---
      duration_ms: 1.4403
      type: 'test'
      ...
    # Subtest: rejects payload with cta_url field
    ok 3 - rejects payload with cta_url field
      ---
      duration_ms: 0.7386
      type: 'test'
      ...
    # Subtest: rejects payload with asset_links field
    ok 4 - rejects payload with asset_links field
      ---
      duration_ms: 0.3274
      type: 'test'
      ...
    # Subtest: rejects payload with token field
    ok 5 - rejects payload with token field
      ---
      duration_ms: 0.7203
      type: 'test'
      ...
    # Subtest: rejects payload with access_token field
    ok 6 - rejects payload with access_token field
      ---
      duration_ms: 0.5031
      type: 'test'
      ...
    # Subtest: rejects payload with api_key field
    ok 7 - rejects payload with api_key field
      ---
      duration_ms: 0.449
      type: 'test'
      ...
    # Subtest: rejects payload with wrong table_name
    ok 8 - rejects payload with wrong table_name
      ---
      duration_ms: 0.6185
      type: 'test'
      ...
    # Subtest: rejects payload with wrong change_type
    ok 9 - rejects payload with wrong change_type
      ---
      duration_ms: 0.8595
      type: 'test'
      ...
    # Subtest: rejects payload missing required fields
    ok 10 - rejects payload missing required fields
      ---
      duration_ms: 2.1754
      type: 'test'
      ...
    1..10
ok 49 - AirtableApprovedWebhookSchema
  ---
  duration_ms: 14.9954
  type: 'suite'
  ...
# Subtest: AirtableApprovedQueueMessageSchema
    # Subtest: accepts a valid references-only queue message
    ok 1 - accepts a valid references-only queue message
      ---
      duration_ms: 0.6778
      type: 'test'
      ...
    # Subtest: rejects queue message with approved_version field
    ok 2 - rejects queue message with approved_version field
      ---
      duration_ms: 0.356
      type: 'test'
      ...
    # Subtest: rejects queue message with master_copy field
    ok 3 - rejects queue message with master_copy field
      ---
      duration_ms: 0.2982
      type: 'test'
      ...
    # Subtest: rejects queue message with cta_url field
    ok 4 - rejects queue message with cta_url field
      ---
      duration_ms: 0.4297
      type: 'test'
      ...
    # Subtest: rejects queue message with asset_links field
    ok 5 - rejects queue message with asset_links field
      ---
      duration_ms: 0.3161
      type: 'test'
      ...
    # Subtest: rejects queue message with access_token field
    ok 6 - rejects queue message with access_token field
      ---
      duration_ms: 0.2985
      type: 'test'
      ...
    # Subtest: rejects queue message with secret_ref field
    ok 7 - rejects queue message with secret_ref field
      ---
      duration_ms: 0.2349
      type: 'test'
      ...
    # Subtest: rejects queue message with wrong event_type
    ok 8 - rejects queue message with wrong event_type
      ---
      duration_ms: 0.278
      type: 'test'
      ...
    # Subtest: rejects queue message with wrong event_version
    ok 9 - rejects queue message with wrong event_version
      ---
      duration_ms: 0.2637
      type: 'test'
      ...
    # Subtest: rejects queue message missing correlation_id
    ok 10 - rejects queue message missing correlation_id
      ---
      duration_ms: 0.2683
      type: 'test'
      ...
    1..10
ok 50 - AirtableApprovedQueueMessageSchema
  ---
  duration_ms: 4.1295
  type: 'suite'
  ...
# Subtest: idempotency helpers
    # Subtest: createIngressIdempotencyKey returns correct format
    ok 1 - createIngressIdempotencyKey returns correct format
      ---
      duration_ms: 0.2796
      type: 'test'
      ...
    # Subtest: createWorkflowIdempotencyKey returns correct format
    ok 2 - createWorkflowIdempotencyKey returns correct format
      ---
      duration_ms: 0.2243
      type: 'test'
      ...
    # Subtest: createIngressIdempotencyKey is deterministic for same input
    ok 3 - createIngressIdempotencyKey is deterministic for same input
      ---
      duration_ms: 0.3276
      type: 'test'
      ...
    # Subtest: createWorkflowIdempotencyKey differentiates workspace_id
    ok 4 - createWorkflowIdempotencyKey differentiates workspace_id
      ---
      duration_ms: 0.3187
      type: 'test'
      ...
    # Subtest: createWorkflowIdempotencyKey differentiates approved_version
    ok 5 - createWorkflowIdempotencyKey differentiates approved_version
      ---
      duration_ms: 0.2007
      type: 'test'
      ...
    1..5
ok 51 - idempotency helpers
  ---
  duration_ms: 1.7155
  type: 'suite'
  ...
# Subtest: AiComposerQueueMessageSchema
    # Subtest: accepts a valid references-only AI composer queue message
    ok 1 - accepts a valid references-only AI composer queue message
      ---
      duration_ms: 0.5458
      type: 'test'
      ...
    # Subtest: rejects AI queue message with forbidden field master_copy
    ok 2 - rejects AI queue message with forbidden field master_copy
      ---
      duration_ms: 0.2883
      type: 'test'
      ...
    # Subtest: rejects AI queue message with forbidden field cta_url
    ok 3 - rejects AI queue message with forbidden field cta_url
      ---
      duration_ms: 0.2011
      type: 'test'
      ...
    # Subtest: rejects AI queue message with forbidden field asset_links
    ok 4 - rejects AI queue message with forbidden field asset_links
      ---
      duration_ms: 0.1763
      type: 'test'
      ...
    # Subtest: rejects AI queue message with forbidden field prompt
    ok 5 - rejects AI queue message with forbidden field prompt
      ---
      duration_ms: 0.3492
      type: 'test'
      ...
    # Subtest: rejects AI queue message with forbidden field output
    ok 6 - rejects AI queue message with forbidden field output
      ---
      duration_ms: 0.2759
      type: 'test'
      ...
    # Subtest: rejects AI queue message with forbidden field body
    ok 7 - rejects AI queue message with forbidden field body
      ---
      duration_ms: 0.1799
      type: 'test'
      ...
    # Subtest: rejects AI queue message with forbidden field hashtags
    ok 8 - rejects AI queue message with forbidden field hashtags
      ---
      duration_ms: 0.1922
      type: 'test'
      ...
    # Subtest: rejects AI queue message with forbidden field access_token
    ok 9 - rejects AI queue message with forbidden field access_token
      ---
      duration_ms: 0.2556
      type: 'test'
      ...
    # Subtest: rejects AI queue message with forbidden field secret_ref
    ok 10 - rejects AI queue message with forbidden field secret_ref
      ---
      duration_ms: 0.2523
      type: 'test'
      ...
    # Subtest: rejects AI queue message with forbidden field api_key
    ok 11 - rejects AI queue message with forbidden field api_key
      ---
      duration_ms: 0.1791
      type: 'test'
      ...
    # Subtest: rejects AI queue message with forbidden field token
    ok 12 - rejects AI queue message with forbidden field token
      ---
      duration_ms: 0.3775
      type: 'test'
      ...
    1..12
ok 52 - AiComposerQueueMessageSchema
  ---
  duration_ms: 4.0508
  type: 'suite'
  ...
# Subtest: NotionContextRefSchema
    # Subtest: should accept valid payload with URL and load_status
    ok 1 - should accept valid payload with URL and load_status
      ---
      duration_ms: 3.6713
      type: 'test'
      ...
    # Subtest: should accept fallback status with error code and short message
    ok 2 - should accept fallback status with error code and short message
      ---
      duration_ms: 0.5295
      type: 'test'
      ...
    # Subtest: should reject forbidden fields like raw response or tokens
    ok 3 - should reject forbidden fields like raw response or tokens
      ---
      duration_ms: 1.2812
      type: 'test'
      ...
    # Subtest: should reject error_message longer than 255 chars
    ok 4 - should reject error_message longer than 255 chars
      ---
      duration_ms: 1.4252
      type: 'test'
      ...
    1..4
ok 53 - NotionContextRefSchema
  ---
  duration_ms: 8.9751
  type: 'suite'
  ...
# Subtest: facebookCommentContracts
    # Subtest: CommentSyncRequestedEventSchema
        # Subtest: should allow a valid payload
        ok 1 - should allow a valid payload
          ---
          duration_ms: 4.5786
          type: 'test'
          ...
        # Subtest: should reject payload with raw token
        ok 2 - should reject payload with raw token
          ---
          duration_ms: 1.3381
          type: 'test'
          ...
        1..2
    ok 1 - CommentSyncRequestedEventSchema
      ---
      duration_ms: 7.0753
      type: 'suite'
      ...
    # Subtest: CommentIngestEventSchema
        # Subtest: should allow a valid payload
        ok 1 - should allow a valid payload
          ---
          duration_ms: 1.1639
          type: 'test'
          ...
        # Subtest: should reject payload with full body
        ok 2 - should reject payload with full body
          ---
          duration_ms: 0.494
          type: 'test'
          ...
        1..2
    ok 2 - CommentIngestEventSchema
      ---
      duration_ms: 2.0194
      type: 'suite'
      ...
    1..2
ok 54 - facebookCommentContracts
  ---
  duration_ms: 9.8611
  type: 'suite'
  ...
# Subtest: MCP Contracts
    # Subtest: validatePost
        # Subtest: should accept valid input
        ok 1 - should accept valid input
          ---
          duration_ms: 3.0896
          type: 'test'
          ...
        # Subtest: should reject input with access token
        ok 2 - should reject input with access token
          ---
          duration_ms: 1.6216
          type: 'test'
          ...
        # Subtest: should parse valid validation result
        ok 3 - should parse valid validation result
          ---
          duration_ms: 1.4525
          type: 'test'
          ...
        1..3
    ok 1 - validatePost
      ---
      duration_ms: 7.3426
      type: 'suite'
      ...
    # Subtest: rateLimitStatus
        # Subtest: should accept valid input
        ok 1 - should accept valid input
          ---
          duration_ms: 0.5119
          type: 'test'
          ...
        # Subtest: should parse valid result
        ok 2 - should parse valid result
          ---
          duration_ms: 0.6257
          type: 'test'
          ...
        1..2
    ok 2 - rateLimitStatus
      ---
      duration_ms: 1.4026
      type: 'suite'
      ...
    # Subtest: publishFacebookValidatedEvent
        # Subtest: should accept valid references-only payload
        ok 1 - should accept valid references-only payload
          ---
          duration_ms: 0.9839
          type: 'test'
          ...
        # Subtest: should reject payload containing token or body
        ok 2 - should reject payload containing token or body
          ---
          duration_ms: 2.0137
          type: 'test'
          ...
        1..2
    ok 3 - publishFacebookValidatedEvent
      ---
      duration_ms: 3.4272
      type: 'suite'
      ...
    1..3
ok 55 - MCP Contracts
  ---
  duration_ms: 13.0849
  type: 'suite'
  ...
# Subtest: MCP Publish Contracts
    # Subtest: validates PublishPostInputSchema
    ok 1 - validates PublishPostInputSchema
      ---
      duration_ms: 4.5866
      type: 'test'
      ...
    # Subtest: validates PublishPostResultSchema
    ok 2 - validates PublishPostResultSchema
      ---
      duration_ms: 2.3913
      type: 'test'
      ...
    # Subtest: validates PublishFacebookExecuteEventSchema
    ok 3 - validates PublishFacebookExecuteEventSchema
      ---
      duration_ms: 0.9555
      type: 'test'
      ...
    1..3
ok 56 - MCP Publish Contracts
  ---
  duration_ms: 9.5523
  type: 'suite'
  ...
# Subtest: facebookAuth schemas
    # Subtest: StrictExchangeCodeResultSchema
        # Subtest: should accept valid result and strip/error on forbidden fields
        ok 1 - should accept valid result and strip/error on forbidden fields
          ---
          duration_ms: 4.5283
          type: 'test'
          ...
        1..1
    ok 1 - StrictExchangeCodeResultSchema
      ---
      duration_ms: 5.5922
      type: 'suite'
      ...
    # Subtest: ConnectPageResultSchema
        # Subtest: should accept valid result and reject raw tokens
        ok 1 - should accept valid result and reject raw tokens
          ---
          duration_ms: 1.6876
          type: 'test'
          ...
        1..1
    ok 2 - ConnectPageResultSchema
      ---
      duration_ms: 1.8676
      type: 'suite'
      ...
    # Subtest: TokenHealthCheckResultSchema
        # Subtest: should accept valid result
        ok 1 - should accept valid result
          ---
          duration_ms: 0.6933
          type: 'test'
          ...
        # Subtest: should accept missing permissions result
        ok 2 - should accept missing permissions result
          ---
          duration_ms: 0.5238
          type: 'test'
          ...
        1..2
    ok 3 - TokenHealthCheckResultSchema
      ---
      duration_ms: 1.4584
      type: 'suite'
      ...
    1..3
ok 57 - facebookAuth schemas
  ---
  duration_ms: 9.7434
  type: 'suite'
  ...
# Subtest: PolicyEvaluateRequestedEventSchema
    # Subtest: accepts a valid references-only policy event
    ok 1 - accepts a valid references-only policy event
      ---
      duration_ms: 4.22
      type: 'test'
      ...
    # Subtest: rejects forbidden field body
    ok 2 - rejects forbidden field body
      ---
      duration_ms: 1.3314
      type: 'test'
      ...
    # Subtest: rejects forbidden field hashtags
    ok 3 - rejects forbidden field hashtags
      ---
      duration_ms: 0.543
      type: 'test'
      ...
    # Subtest: rejects forbidden field cta_url
    ok 4 - rejects forbidden field cta_url
      ---
      duration_ms: 0.4875
      type: 'test'
      ...
    # Subtest: rejects forbidden field access_token
    ok 5 - rejects forbidden field access_token
      ---
      duration_ms: 0.3849
      type: 'test'
      ...
    # Subtest: rejects forbidden field secret_ref
    ok 6 - rejects forbidden field secret_ref
      ---
      duration_ms: 0.255
      type: 'test'
      ...
    # Subtest: rejects forbidden field api_key
    ok 7 - rejects forbidden field api_key
      ---
      duration_ms: 0.2181
      type: 'test'
      ...
    # Subtest: rejects forbidden field token
    ok 8 - rejects forbidden field token
      ---
      duration_ms: 0.4797
      type: 'test'
      ...
    1..8
ok 58 - PolicyEvaluateRequestedEventSchema
  ---
  duration_ms: 9.8101
  type: 'suite'
  ...
# Subtest: PublishFacebookRequestedEventSchema
    # Subtest: accepts a valid references-only publish event
    ok 1 - accepts a valid references-only publish event
      ---
      duration_ms: 1.4588
      type: 'test'
      ...
    # Subtest: rejects forbidden field body
    ok 2 - rejects forbidden field body
      ---
      duration_ms: 0.6097
      type: 'test'
      ...
    # Subtest: rejects forbidden field hashtags
    ok 3 - rejects forbidden field hashtags
      ---
      duration_ms: 0.3571
      type: 'test'
      ...
    # Subtest: rejects forbidden field cta_url
    ok 4 - rejects forbidden field cta_url
      ---
      duration_ms: 0.198
      type: 'test'
      ...
    # Subtest: rejects forbidden field access_token
    ok 5 - rejects forbidden field access_token
      ---
      duration_ms: 0.1671
      type: 'test'
      ...
    # Subtest: rejects forbidden field secret_ref
    ok 6 - rejects forbidden field secret_ref
      ---
      duration_ms: 0.2361
      type: 'test'
      ...
    # Subtest: rejects forbidden field api_key
    ok 7 - rejects forbidden field api_key
      ---
      duration_ms: 0.1539
      type: 'test'
      ...
    # Subtest: rejects forbidden field master_copy
    ok 8 - rejects forbidden field master_copy
      ---
      duration_ms: 0.1225
      type: 'test'
      ...
    1..8
ok 59 - PublishFacebookRequestedEventSchema
  ---
  duration_ms: 3.783
  type: 'suite'
  ...
# Subtest: reportsContracts
    # Subtest: CampaignReportQuerySchema
        # Subtest: REC-01: should accept empty object
        ok 1 - REC-01: should accept empty object
          ---
          duration_ms: 2.1947
          type: 'test'
          ...
        # Subtest: REC-02: should accept valid query with all fields
        ok 2 - REC-02: should accept valid query with all fields
          ---
          duration_ms: 1.7648
          type: 'test'
          ...
        # Subtest: REC-03: should reject invalid date format
        ok 3 - REC-03: should reject invalid date format
          ---
          duration_ms: 1.1293
          type: 'test'
          ...
        # Subtest: REC-04: should reject extra fields
        ok 4 - REC-04: should reject extra fields
          ---
          duration_ms: 0.6968
          type: 'test'
          ...
        1..4
    ok 1 - CampaignReportQuerySchema
      ---
      duration_ms: 6.8856
      type: 'suite'
      ...
    # Subtest: CampaignReportRowSchema
        # Subtest: REC-05: should accept valid row
        ok 1 - REC-05: should accept valid row
          ---
          duration_ms: 0.9893
          type: 'test'
          ...
        # Subtest: REC-06: should accept row with null campaign and null response time
        ok 2 - REC-06: should accept row with null campaign and null response time
          ---
          duration_ms: 0.4365
          type: 'test'
          ...
        1..2
    ok 2 - CampaignReportRowSchema
      ---
      duration_ms: 1.7293
      type: 'suite'
      ...
    # Subtest: CampaignReportResponseSchema
        # Subtest: REC-07: should accept valid response
        ok 1 - REC-07: should accept valid response
          ---
          duration_ms: 0.6858
          type: 'test'
          ...
        1..1
    ok 3 - CampaignReportResponseSchema
      ---
      duration_ms: 0.9135
      type: 'suite'
      ...
    1..3
ok 60 - reportsContracts
  ---
  duration_ms: 10.5998
  type: 'suite'
  ...
# Subtest: SlackCommandContracts
    # Subtest: SlackSlashCommandSchema
        # Subtest: should accept valid approve payload
        ok 1 - should accept valid approve payload
          ---
          duration_ms: 1.4847
          type: 'test'
          ...
        # Subtest: should accept valid reject payload
        ok 2 - should accept valid reject payload
          ---
          duration_ms: 0.4415
          type: 'test'
          ...
        1..2
    ok 1 - SlackSlashCommandSchema
      ---
      duration_ms: 2.5908
      type: 'suite'
      ...
    # Subtest: SlackCommandActionEventSchema
        # Subtest: should reject payload with reason field
        ok 1 - should reject payload with reason field
          ---
          duration_ms: 2.3729
          type: 'test'
          ...
        # Subtest: should reject payload with token field
        ok 2 - should reject payload with token field
          ---
          duration_ms: 0.6921
          type: 'test'
          ...
        1..2
    ok 2 - SlackCommandActionEventSchema
      ---
      duration_ms: 3.2635
      type: 'suite'
      ...
    1..2
ok 61 - SlackCommandContracts
  ---
  duration_ms: 6.2469
  type: 'suite'
  ...
1..61
# tests 297
# suites 74
# pass 296
# fail 1
# cancelled 0
# skipped 0
# todo 0
# duration_ms 931.7621
